[INFO] Scanning for projects...
[INFO] 
[INFO] ----------------------< org.serwin:config-server >----------------------
[INFO] Building config-server 0.0.1-SNAPSHOT
[INFO]   from pom.xml
[INFO] --------------------------------[ jar ]---------------------------------
[INFO] 
[INFO] --- resources:3.3.1:resources (default-resources) @ config-server ---
[INFO] Copying 1 resource from src\main\resources to target\classes
[INFO] Copying 0 resource from src\main\resources to target\classes
[INFO] 
[INFO] --- compiler:3.14.1:compile (default-compile) @ config-server ---
[INFO] Nothing to compile - all classes are up to date.
[INFO] 
[INFO] --- resources:3.3.1:testResources (default-testResources) @ config-server ---
[INFO] skip non existing resourceDirectory C:\Users\0x6D617274696E\Desktop\aws-v8\config-server\src\test\resources
[INFO] 
[INFO] --- compiler:3.14.1:testCompile (default-testCompile) @ config-server ---
[INFO] Nothing to compile - all classes are up to date.
[INFO] 
[INFO] --- surefire:3.5.4:test (default-test) @ config-server ---
Downloading from central: https://repo.maven.apache.org/maven2/org/apache/maven/surefire/maven-surefire-common/3.5.4/maven-surefire-common-3.5.4.jar
Downloading from central: https://repo.maven.apache.org/maven2/org/apache/maven/surefire/surefire-shared-utils/3.5.4/surefire-shared-utils-3.5.4.jar
Downloading from central: https://repo.maven.apache.org/maven2/org/apache/maven/surefire/surefire-logger-api/3.5.4/surefire-logger-api-3.5.4.jar
Downloading from central: https://repo.maven.apache.org/maven2/org/apache/maven/surefire/surefire-api/3.5.4/surefire-api-3.5.4.jar
Downloading from central: https://repo.maven.apache.org/maven2/org/apache/maven/surefire/surefire-extensions-api/3.5.4/surefire-extensions-api-3.5.4.jar
Progress (1): 0/2.9 MB
Progress (2): 0/2.9 MB | 0.9/14 kB
Progress (2): 0/2.9 MB | 0.9/14 kB
Progress (2): 0/2.9 MB | 0.9/14 kB
Progress (2): 0/2.9 MB | 0.9/14 kB
Progress (2): 0/2.9 MB | 0.9/14 kB
Progress (2): 0/2.9 MB | 0.9/14 kB
Progress (2): 0/2.9 MB | 0.9/14 kB
Progress (2): 0/2.9 MB | 0.9/14 kB
Progress (2): 0/2.9 MB | 0.9/14 kB
Progress (2): 0/2.9 MB | 0.9/14 kB
Progress (2): 0/2.9 MB | 0.9/14 kB
Progress (2): 0/2.9 MB | 0.9/14 kB
Progress (2): 0/2.9 MB | 2.3/14 kB
Progress (2): 0/2.9 MB | 2.3/14 kB
Progress (2): 0/2.9 MB | 3.6/14 kB
Progress (2): 0/2.9 MB | 3.6/14 kB
Progress (2): 0/2.9 MB | 5.0/14 kB
Progress (2): 0/2.9 MB | 5.0/14 kB
Progress (2): 0/2.9 MB | 6.4/14 kB
Progress (2): 0/2.9 MB | 6.4/14 kB
Progress (2): 0/2.9 MB | 7.7/14 kB
Progress (2): 0/2.9 MB | 7.7/14 kB
Progress (3): 0/2.9 MB | 7.7/14 kB | 0.9/314 kB
Progress (4): 0/2.9 MB | 7.7/14 kB | 0.9/314 kB | 0.9/26 kB
Progress (4): 0/2.9 MB | 9.1/14 kB | 0.9/314 kB | 0.9/26 kB
Progress (4): 0/2.9 MB | 9.1/14 kB | 0.9/314 kB | 0.9/26 kB
Progress (4): 0/2.9 MB | 9.1/14 kB | 2.3/314 kB | 0.9/26 kB
Progress (4): 0/2.9 MB | 9.1/14 kB | 2.3/314 kB | 2.3/26 kB
Progress (4): 0/2.9 MB | 10/14 kB | 2.3/314 kB | 2.3/26 kB 
Progress (4): 0/2.9 MB | 10/14 kB | 2.3/314 kB | 2.3/26 kB
Progress (4): 0/2.9 MB | 10/14 kB | 3.6/314 kB | 2.3/26 kB
Progress (4): 0/2.9 MB | 12/14 kB | 3.6/314 kB | 2.3/26 kB
Progress (4): 0/2.9 MB | 12/14 kB | 3.6/314 kB | 3.6/26 kB
Progress (4): 0/2.9 MB | 12/14 kB | 3.6/314 kB | 3.6/26 kB
Progress (4): 0/2.9 MB | 12/14 kB | 5.0/314 kB | 3.6/26 kB
Progress (4): 0/2.9 MB | 12/14 kB | 5.0/314 kB | 3.6/26 kB
Progress (4): 0/2.9 MB | 13/14 kB | 5.0/314 kB | 3.6/26 kB
Progress (4): 0/2.9 MB | 13/14 kB | 5.0/314 kB | 5.0/26 kB
Progress (4): 0/2.9 MB | 13/14 kB | 6.4/314 kB | 5.0/26 kB
Progress (4): 0/2.9 MB | 14 kB | 6.4/314 kB | 5.0/26 kB   
Progress (4): 0/2.9 MB | 14 kB | 6.4/314 kB | 6.4/26 kB
Progress (4): 0/2.9 MB | 14 kB | 6.4/314 kB | 6.4/26 kB
Progress (4): 0/2.9 MB | 14 kB | 7.7/314 kB | 6.4/26 kB
Progress (4): 0/2.9 MB | 14 kB | 7.7/314 kB | 7.7/26 kB
Progress (4): 0/2.9 MB | 14 kB | 7.7/314 kB | 7.7/26 kB
Progress (4): 0/2.9 MB | 14 kB | 9.1/314 kB | 7.7/26 kB
Progress (4): 0/2.9 MB | 14 kB | 9.1/314 kB | 8.2/26 kB
Progress (4): 0/2.9 MB | 14 kB | 10/314 kB | 8.2/26 kB 
Progress (4): 0/2.9 MB | 14 kB | 10/314 kB | 9.6/26 kB
Progress (4): 0/2.9 MB | 14 kB | 10/314 kB | 9.6/26 kB
Progress (4): 0/2.9 MB | 14 kB | 12/314 kB | 9.6/26 kB
Progress (4): 0/2.9 MB | 14 kB | 12/314 kB | 11/26 kB 
Progress (4): 0/2.9 MB | 14 kB | 12/314 kB | 11/26 kB
Progress (4): 0/2.9 MB | 14 kB | 13/314 kB | 11/26 kB
Progress (4): 0/2.9 MB | 14 kB | 13/314 kB | 12/26 kB
Progress (4): 0/2.9 MB | 14 kB | 13/314 kB | 12/26 kB
Progress (4): 0/2.9 MB | 14 kB | 15/314 kB | 12/26 kB
Progress (4): 0/2.9 MB | 14 kB | 15/314 kB | 12/26 kB
Progress (4): 0/2.9 MB | 14 kB | 15/314 kB | 14/26 kB
Progress (4): 0/2.9 MB | 14 kB | 16/314 kB | 14/26 kB
Progress (4): 0/2.9 MB | 14 kB | 16/314 kB | 14/26 kB
Progress (4): 0/2.9 MB | 14 kB | 16/314 kB | 15/26 kB
Progress (4): 0/2.9 MB | 14 kB | 16/314 kB | 15/26 kB
Progress (4): 0/2.9 MB | 14 kB | 17/314 kB | 15/26 kB
Progress (4): 0/2.9 MB | 14 kB | 17/314 kB | 15/26 kB
Progress (4): 0/2.9 MB | 14 kB | 17/314 kB | 16/26 kB
Progress (4): 0/2.9 MB | 14 kB | 19/314 kB | 16/26 kB
Progress (4): 0/2.9 MB | 14 kB | 19/314 kB | 16/26 kB
Progress (4): 0/2.9 MB | 14 kB | 19/314 kB | 18/26 kB
Progress (4): 0/2.9 MB | 14 kB | 20/314 kB | 18/26 kB
Progress (4): 0/2.9 MB | 14 kB | 20/314 kB | 18/26 kB
Progress (4): 0/2.9 MB | 14 kB | 21/314 kB | 18/26 kB
Progress (4): 0/2.9 MB | 14 kB | 21/314 kB | 18/26 kB
Progress (4): 0/2.9 MB | 14 kB | 21/314 kB | 18/26 kB
Progress (4): 0/2.9 MB | 14 kB | 21/314 kB | 18/26 kB
Progress (4): 0/2.9 MB | 14 kB | 21/314 kB | 18/26 kB
Progress (4): 0/2.9 MB | 14 kB | 21/314 kB | 19/26 kB
Progress (4): 0/2.9 MB | 14 kB | 21/314 kB | 19/26 kB
Progress (4): 0/2.9 MB | 14 kB | 21/314 kB | 21/26 kB
Progress (4): 0.1/2.9 MB | 14 kB | 21/314 kB | 21/26 kB
Progress (4): 0.1/2.9 MB | 14 kB | 21/314 kB | 21/26 kB
Progress (4): 0.1/2.9 MB | 14 kB | 21/314 kB | 21/26 kB
Progress (4): 0.1/2.9 MB | 14 kB | 21/314 kB | 22/26 kB
Progress (4): 0.1/2.9 MB | 14 kB | 21/314 kB | 22/26 kB
Progress (4): 0.1/2.9 MB | 14 kB | 21/314 kB | 22/26 kB
Progress (4): 0.1/2.9 MB | 14 kB | 21/314 kB | 23/26 kB
Progress (4): 0.1/2.9 MB | 14 kB | 23/314 kB | 23/26 kB
Progress (4): 0.1/2.9 MB | 14 kB | 23/314 kB | 23/26 kB
Progress (4): 0.1/2.9 MB | 14 kB | 24/314 kB | 23/26 kB
Progress (4): 0.1/2.9 MB | 14 kB | 24/314 kB | 25/26 kB
Progress (4): 0.1/2.9 MB | 14 kB | 26/314 kB | 25/26 kB
Progress (4): 0.1/2.9 MB | 14 kB | 26/314 kB | 26 kB   
Progress (4): 0.1/2.9 MB | 14 kB | 27/314 kB | 26 kB
Progress (4): 0.1/2.9 MB | 14 kB | 28/314 kB | 26 kB
Progress (4): 0.1/2.9 MB | 14 kB | 30/314 kB | 26 kB
Progress (4): 0.1/2.9 MB | 14 kB | 31/314 kB | 26 kB
Progress (4): 0.1/2.9 MB | 14 kB | 32/314 kB | 26 kB
Progress (4): 0.1/2.9 MB | 14 kB | 34/314 kB | 26 kB
Progress (4): 0.1/2.9 MB | 14 kB | 35/314 kB | 26 kB
Progress (4): 0.1/2.9 MB | 14 kB | 36/314 kB | 26 kB
Progress (4): 0.1/2.9 MB | 14 kB | 38/314 kB | 26 kB
Progress (4): 0.1/2.9 MB | 14 kB | 39/314 kB | 26 kB
Progress (4): 0.1/2.9 MB | 14 kB | 41/314 kB | 26 kB
Progress (4): 0.1/2.9 MB | 14 kB | 42/314 kB | 26 kB
Progress (4): 0.1/2.9 MB | 14 kB | 43/314 kB | 26 kB
Progress (4): 0.1/2.9 MB | 14 kB | 45/314 kB | 26 kB
Progress (4): 0.1/2.9 MB | 14 kB | 46/314 kB | 26 kB
Progress (4): 0.1/2.9 MB | 14 kB | 47/314 kB | 26 kB
                                                    
Downloaded from central: https://repo.maven.apache.org/maven2/org/apache/maven/surefire/surefire-logger-api/3.5.4/surefire-logger-api-3.5.4.jar (14 kB at 29 kB/s)
Downloaded from central: https://repo.maven.apache.org/maven2/org/apache/maven/surefire/surefire-extensions-api/3.5.4/surefire-extensions-api-3.5.4.jar (26 kB at 55 kB/s)
Downloading from central: https://repo.maven.apache.org/maven2/org/apache/maven/surefire/surefire-booter/3.5.4/surefire-booter-3.5.4.jar
Downloading from central: https://repo.maven.apache.org/maven2/org/apache/maven/surefire/surefire-extensions-spi/3.5.4/surefire-extensions-spi-3.5.4.jar
Progress (2): 0.1/2.9 MB | 49/314 kB
Progress (2): 0.1/2.9 MB | 50/314 kB
Progress (3): 0.1/2.9 MB | 50/314 kB | 1.4/174 kB
Progress (3): 0.1/2.9 MB | 50/314 kB | 2.7/174 kB
Progress (3): 0.1/2.9 MB | 50/314 kB | 4.1/174 kB
Progress (3): 0.1/2.9 MB | 50/314 kB | 5.5/174 kB
Progress (3): 0.1/2.9 MB | 50/314 kB | 6.8/174 kB
Progress (3): 0.1/2.9 MB | 50/314 kB | 8.2/174 kB
Progress (3): 0.1/2.9 MB | 50/314 kB | 9.6/174 kB
Progress (3): 0.1/2.9 MB | 50/314 kB | 11/174 kB 
Progress (3): 0.1/2.9 MB | 50/314 kB | 12/174 kB
Progress (3): 0.1/2.9 MB | 50/314 kB | 14/174 kB
Progress (3): 0.1/2.9 MB | 52/314 kB | 14/174 kB
Progress (3): 0.1/2.9 MB | 52/314 kB | 15/174 kB
Progress (3): 0.1/2.9 MB | 53/314 kB | 15/174 kB
Progress (3): 0.1/2.9 MB | 53/314 kB | 16/174 kB
Progress (3): 0.1/2.9 MB | 53/314 kB | 18/174 kB
Progress (3): 0.1/2.9 MB | 54/314 kB | 18/174 kB
Progress (3): 0.1/2.9 MB | 54/314 kB | 19/174 kB
Progress (3): 0.1/2.9 MB | 56/314 kB | 19/174 kB
Progress (3): 0.1/2.9 MB | 56/314 kB | 21/174 kB
Progress (3): 0.1/2.9 MB | 56/314 kB | 22/174 kB
Progress (3): 0.1/2.9 MB | 56/314 kB | 23/174 kB
Progress (3): 0.1/2.9 MB | 56/314 kB | 25/174 kB
Progress (3): 0.1/2.9 MB | 56/314 kB | 26/174 kB
Progress (3): 0.1/2.9 MB | 56/314 kB | 27/174 kB
Progress (3): 0.1/2.9 MB | 60/314 kB | 27/174 kB
Progress (3): 0.1/2.9 MB | 60/314 kB | 29/174 kB
Progress (3): 0.1/2.9 MB | 60/314 kB | 30/174 kB
Progress (3): 0.1/2.9 MB | 60/314 kB | 31/174 kB
Progress (3): 0.1/2.9 MB | 60/314 kB | 33/174 kB
Progress (3): 0.1/2.9 MB | 60/314 kB | 34/174 kB
Progress (3): 0.1/2.9 MB | 60/314 kB | 36/174 kB
Progress (3): 0.1/2.9 MB | 60/314 kB | 37/174 kB
Progress (3): 0.1/2.9 MB | 60/314 kB | 38/174 kB
Progress (3): 0.1/2.9 MB | 60/314 kB | 40/174 kB
Progress (3): 0.1/2.9 MB | 60/314 kB | 41/174 kB
Progress (3): 0.1/2.9 MB | 60/314 kB | 42/174 kB
Progress (3): 0.1/2.9 MB | 60/314 kB | 44/174 kB
Progress (3): 0.1/2.9 MB | 60/314 kB | 45/174 kB
Progress (3): 0.1/2.9 MB | 60/314 kB | 46/174 kB
Progress (3): 0.1/2.9 MB | 60/314 kB | 48/174 kB
Progress (3): 0.1/2.9 MB | 60/314 kB | 49/174 kB
Progress (3): 0.1/2.9 MB | 60/314 kB | 51/174 kB
Progress (3): 0.1/2.9 MB | 60/314 kB | 52/174 kB
Progress (3): 0.1/2.9 MB | 60/314 kB | 53/174 kB
Progress (3): 0.1/2.9 MB | 60/314 kB | 55/174 kB
Progress (3): 0.1/2.9 MB | 60/314 kB | 59/174 kB
Progress (3): 0.1/2.9 MB | 60/314 kB | 63/174 kB
Progress (3): 0.1/2.9 MB | 64/314 kB | 63/174 kB
Progress (3): 0.1/2.9 MB | 64/314 kB | 63/174 kB
Progress (3): 0.1/2.9 MB | 64/314 kB | 63/174 kB
Progress (3): 0.1/2.9 MB | 66/314 kB | 63/174 kB
Progress (3): 0.1/2.9 MB | 66/314 kB | 63/174 kB
Progress (3): 0.1/2.9 MB | 66/314 kB | 63/174 kB
Progress (3): 0.1/2.9 MB | 70/314 kB | 63/174 kB
Progress (3): 0.1/2.9 MB | 70/314 kB | 63/174 kB
Progress (3): 0.1/2.9 MB | 74/314 kB | 63/174 kB
Progress (3): 0.1/2.9 MB | 78/314 kB | 63/174 kB
Progress (3): 0.1/2.9 MB | 78/314 kB | 63/174 kB
Progress (3): 0.1/2.9 MB | 78/314 kB | 63/174 kB
Progress (3): 0.1/2.9 MB | 82/314 kB | 63/174 kB
Progress (3): 0.1/2.9 MB | 87/314 kB | 63/174 kB
Progress (3): 0.1/2.9 MB | 87/314 kB | 63/174 kB
Progress (3): 0.1/2.9 MB | 91/314 kB | 63/174 kB
Progress (3): 0.1/2.9 MB | 91/314 kB | 63/174 kB
Progress (3): 0.1/2.9 MB | 91/314 kB | 63/174 kB
Progress (3): 0.1/2.9 MB | 91/314 kB | 63/174 kB
Progress (3): 0.1/2.9 MB | 91/314 kB | 63/174 kB
Progress (3): 0.1/2.9 MB | 91/314 kB | 63/174 kB
Progress (3): 0.1/2.9 MB | 91/314 kB | 63/174 kB
Progress (3): 0.1/2.9 MB | 91/314 kB | 63/174 kB
Progress (3): 0.1/2.9 MB | 95/314 kB | 63/174 kB
Progress (3): 0.1/2.9 MB | 99/314 kB | 63/174 kB
Progress (3): 0.1/2.9 MB | 104/314 kB | 63/174 kB
Progress (3): 0.1/2.9 MB | 108/314 kB | 63/174 kB
Progress (3): 0.1/2.9 MB | 112/314 kB | 63/174 kB
Progress (3): 0.1/2.9 MB | 116/314 kB | 63/174 kB
Progress (3): 0.1/2.9 MB | 121/314 kB | 63/174 kB
Progress (3): 0.1/2.9 MB | 125/314 kB | 63/174 kB
Progress (3): 0.1/2.9 MB | 125/314 kB | 67/174 kB
Progress (3): 0.1/2.9 MB | 125/314 kB | 72/174 kB
Progress (3): 0.1/2.9 MB | 125/314 kB | 76/174 kB
Progress (3): 0.1/2.9 MB | 125/314 kB | 80/174 kB
Progress (3): 0.1/2.9 MB | 125/314 kB | 82/174 kB
Progress (3): 0.1/2.9 MB | 125/314 kB | 86/174 kB
Progress (3): 0.1/2.9 MB | 125/314 kB | 90/174 kB
Progress (3): 0.1/2.9 MB | 125/314 kB | 95/174 kB
Progress (3): 0.1/2.9 MB | 125/314 kB | 99/174 kB
Progress (3): 0.1/2.9 MB | 125/314 kB | 103/174 kB
Progress (3): 0.1/2.9 MB | 125/314 kB | 107/174 kB
Progress (3): 0.1/2.9 MB | 125/314 kB | 112/174 kB
Progress (3): 0.1/2.9 MB | 125/314 kB | 116/174 kB
Progress (3): 0.1/2.9 MB | 125/314 kB | 120/174 kB
Progress (3): 0.1/2.9 MB | 125/314 kB | 124/174 kB
Progress (4): 0.1/2.9 MB | 125/314 kB | 124/174 kB | 1.4/119 kB
Progress (4): 0.1/2.9 MB | 125/314 kB | 124/174 kB | 2.7/119 kB
Progress (4): 0.1/2.9 MB | 125/314 kB | 124/174 kB | 4.1/119 kB
Progress (4): 0.1/2.9 MB | 125/314 kB | 124/174 kB | 5.5/119 kB
Progress (4): 0.1/2.9 MB | 125/314 kB | 124/174 kB | 6.8/119 kB
Progress (4): 0.1/2.9 MB | 125/314 kB | 124/174 kB | 8.2/119 kB
Progress (4): 0.1/2.9 MB | 125/314 kB | 124/174 kB | 9.6/119 kB
Progress (4): 0.1/2.9 MB | 125/314 kB | 124/174 kB | 11/119 kB 
Progress (4): 0.1/2.9 MB | 125/314 kB | 124/174 kB | 12/119 kB
Progress (4): 0.1/2.9 MB | 125/314 kB | 124/174 kB | 14/119 kB
Progress (4): 0.1/2.9 MB | 125/314 kB | 124/174 kB | 15/119 kB
Progress (4): 0.1/2.9 MB | 125/314 kB | 124/174 kB | 16/119 kB
Progress (4): 0.1/2.9 MB | 125/314 kB | 124/174 kB | 18/119 kB
Progress (4): 0.1/2.9 MB | 125/314 kB | 124/174 kB | 19/119 kB
Progress (4): 0.1/2.9 MB | 125/314 kB | 124/174 kB | 21/119 kB
Progress (4): 0.1/2.9 MB | 125/314 kB | 124/174 kB | 22/119 kB
Progress (4): 0.1/2.9 MB | 125/314 kB | 124/174 kB | 23/119 kB
Progress (4): 0.1/2.9 MB | 125/314 kB | 124/174 kB | 25/119 kB
Progress (4): 0.1/2.9 MB | 125/314 kB | 124/174 kB | 26/119 kB
Progress (4): 0.1/2.9 MB | 125/314 kB | 124/174 kB | 27/119 kB
Progress (4): 0.1/2.9 MB | 125/314 kB | 124/174 kB | 32/119 kB
Progress (5): 0.1/2.9 MB | 125/314 kB | 124/174 kB | 32/119 kB | 0.9/8.2 kB
Progress (5): 0.1/2.9 MB | 125/314 kB | 124/174 kB | 36/119 kB | 0.9/8.2 kB
Progress (5): 0.1/2.9 MB | 125/314 kB | 124/174 kB | 36/119 kB | 2.3/8.2 kB
Progress (5): 0.1/2.9 MB | 125/314 kB | 124/174 kB | 36/119 kB | 3.6/8.2 kB
Progress (5): 0.1/2.9 MB | 125/314 kB | 124/174 kB | 36/119 kB | 5.0/8.2 kB
Progress (5): 0.1/2.9 MB | 125/314 kB | 124/174 kB | 36/119 kB | 6.4/8.2 kB
Progress (5): 0.1/2.9 MB | 125/314 kB | 124/174 kB | 36/119 kB | 7.7/8.2 kB
Progress (5): 0.1/2.9 MB | 125/314 kB | 124/174 kB | 36/119 kB | 8.2 kB    
Progress (5): 0.1/2.9 MB | 125/314 kB | 124/174 kB | 40/119 kB | 8.2 kB
Progress (5): 0.1/2.9 MB | 125/314 kB | 124/174 kB | 44/119 kB | 8.2 kB
Progress (5): 0.1/2.9 MB | 125/314 kB | 124/174 kB | 48/119 kB | 8.2 kB
Progress (5): 0.1/2.9 MB | 125/314 kB | 124/174 kB | 53/119 kB | 8.2 kB
Progress (5): 0.1/2.9 MB | 125/314 kB | 124/174 kB | 57/119 kB | 8.2 kB
Progress (5): 0.1/2.9 MB | 125/314 kB | 124/174 kB | 57/119 kB | 8.2 kB
Progress (5): 0.1/2.9 MB | 125/314 kB | 124/174 kB | 62/119 kB | 8.2 kB
                                                                       
Downloaded from central: https://repo.maven.apache.org/maven2/org/apache/maven/surefire/surefire-extensions-spi/3.5.4/surefire-extensions-spi-3.5.4.jar (8.2 kB at 16 kB/s)
Progress (4): 0.1/2.9 MB | 129/314 kB | 124/174 kB | 62/119 kB
Progress (4): 0.1/2.9 MB | 129/314 kB | 124/174 kB | 62/119 kB
Progress (4): 0.1/2.9 MB | 129/314 kB | 124/174 kB | 62/119 kB
Progress (4): 0.1/2.9 MB | 131/314 kB | 124/174 kB | 62/119 kB
Progress (4): 0.1/2.9 MB | 131/314 kB | 124/174 kB | 62/119 kB
Progress (4): 0.1/2.9 MB | 135/314 kB | 124/174 kB | 62/119 kB
Progress (4): 0.1/2.9 MB | 135/314 kB | 128/174 kB | 62/119 kB
Progress (4): 0.1/2.9 MB | 140/314 kB | 128/174 kB | 62/119 kB
Progress (4): 0.1/2.9 MB | 144/314 kB | 128/174 kB | 62/119 kB
Progress (4): 0.1/2.9 MB | 144/314 kB | 128/174 kB | 62/119 kB
Progress (4): 0.1/2.9 MB | 144/314 kB | 128/174 kB | 66/119 kB
Progress (4): 0.1/2.9 MB | 144/314 kB | 128/174 kB | 66/119 kB
Progress (4): 0.2/2.9 MB | 144/314 kB | 128/174 kB | 66/119 kB
Progress (4): 0.2/2.9 MB | 144/314 kB | 128/174 kB | 66/119 kB
Progress (4): 0.2/2.9 MB | 144/314 kB | 128/174 kB | 66/119 kB
Progress (4): 0.2/2.9 MB | 144/314 kB | 128/174 kB | 66/119 kB
Progress (4): 0.2/2.9 MB | 144/314 kB | 128/174 kB | 66/119 kB
Progress (4): 0.2/2.9 MB | 144/314 kB | 128/174 kB | 66/119 kB
Progress (4): 0.2/2.9 MB | 144/314 kB | 128/174 kB | 66/119 kB
Progress (4): 0.2/2.9 MB | 148/314 kB | 128/174 kB | 66/119 kB
Progress (4): 0.2/2.9 MB | 148/314 kB | 128/174 kB | 66/119 kB
Progress (4): 0.2/2.9 MB | 152/314 kB | 128/174 kB | 66/119 kB
Progress (4): 0.2/2.9 MB | 156/314 kB | 128/174 kB | 66/119 kB
Progress (4): 0.2/2.9 MB | 156/314 kB | 128/174 kB | 70/119 kB
Progress (4): 0.2/2.9 MB | 161/314 kB | 128/174 kB | 70/119 kB
Progress (4): 0.2/2.9 MB | 161/314 kB | 133/174 kB | 70/119 kB
Progress (4): 0.2/2.9 MB | 165/314 kB | 133/174 kB | 70/119 kB
Progress (4): 0.2/2.9 MB | 165/314 kB | 133/174 kB | 74/119 kB
Progress (4): 0.2/2.9 MB | 169/314 kB | 133/174 kB | 74/119 kB
Progress (4): 0.2/2.9 MB | 169/314 kB | 133/174 kB | 78/119 kB
Progress (4): 0.2/2.9 MB | 169/314 kB | 137/174 kB | 78/119 kB
Progress (4): 0.2/2.9 MB | 173/314 kB | 137/174 kB | 78/119 kB
Progress (4): 0.2/2.9 MB | 173/314 kB | 137/174 kB | 83/119 kB
Progress (4): 0.2/2.9 MB | 173/314 kB | 141/174 kB | 83/119 kB
Progress (4): 0.2/2.9 MB | 173/314 kB | 145/174 kB | 83/119 kB
Progress (4): 0.2/2.9 MB | 173/314 kB | 150/174 kB | 83/119 kB
Progress (4): 0.2/2.9 MB | 173/314 kB | 154/174 kB | 83/119 kB
Progress (4): 0.2/2.9 MB | 173/314 kB | 156/174 kB | 83/119 kB
Progress (4): 0.2/2.9 MB | 173/314 kB | 156/174 kB | 87/119 kB
Progress (4): 0.2/2.9 MB | 173/314 kB | 160/174 kB | 87/119 kB
Progress (4): 0.2/2.9 MB | 178/314 kB | 160/174 kB | 87/119 kB
Progress (4): 0.2/2.9 MB | 178/314 kB | 160/174 kB | 91/119 kB
Progress (4): 0.2/2.9 MB | 178/314 kB | 164/174 kB | 91/119 kB
Progress (4): 0.2/2.9 MB | 182/314 kB | 164/174 kB | 91/119 kB
Progress (4): 0.2/2.9 MB | 182/314 kB | 164/174 kB | 95/119 kB
Progress (4): 0.2/2.9 MB | 182/314 kB | 168/174 kB | 95/119 kB
Progress (4): 0.2/2.9 MB | 182/314 kB | 173/174 kB | 95/119 kB
Progress (4): 0.2/2.9 MB | 182/314 kB | 174 kB | 95/119 kB    
Progress (4): 0.2/2.9 MB | 186/314 kB | 174 kB | 95/119 kB
Progress (4): 0.2/2.9 MB | 190/314 kB | 174 kB | 95/119 kB
Progress (4): 0.2/2.9 MB | 190/314 kB | 174 kB | 100/119 kB
Progress (4): 0.2/2.9 MB | 190/314 kB | 174 kB | 104/119 kB
Progress (4): 0.2/2.9 MB | 190/314 kB | 174 kB | 108/119 kB
Progress (4): 0.2/2.9 MB | 190/314 kB | 174 kB | 112/119 kB
Progress (4): 0.2/2.9 MB | 190/314 kB | 174 kB | 117/119 kB
Progress (4): 0.2/2.9 MB | 190/314 kB | 174 kB | 119 kB    
                                                       
Downloaded from central: https://repo.maven.apache.org/maven2/org/apache/maven/surefire/surefire-api/3.5.4/surefire-api-3.5.4.jar (174 kB at 297 kB/s)
Progress (3): 0.2/2.9 MB | 195/314 kB | 119 kB
Progress (3): 0.2/2.9 MB | 197/314 kB | 119 kB
Progress (3): 0.2/2.9 MB | 201/314 kB | 119 kB
                                              
Downloaded from central: https://repo.maven.apache.org/maven2/org/apache/maven/surefire/surefire-booter/3.5.4/surefire-booter-3.5.4.jar (119 kB at 205 kB/s)
Progress (2): 0.2/2.9 MB | 205/314 kB
Progress (2): 0.2/2.9 MB | 209/314 kB
Progress (2): 0.2/2.9 MB | 209/314 kB
Progress (2): 0.2/2.9 MB | 209/314 kB
Progress (2): 0.2/2.9 MB | 209/314 kB
Progress (2): 0.2/2.9 MB | 209/314 kB
Progress (2): 0.2/2.9 MB | 209/314 kB
Progress (2): 0.2/2.9 MB | 209/314 kB
Progress (2): 0.2/2.9 MB | 209/314 kB
Progress (2): 0.2/2.9 MB | 209/314 kB
Progress (2): 0.2/2.9 MB | 209/314 kB
Progress (2): 0.2/2.9 MB | 214/314 kB
Progress (2): 0.2/2.9 MB | 214/314 kB
Progress (2): 0.2/2.9 MB | 214/314 kB
Progress (2): 0.3/2.9 MB | 214/314 kB
Progress (2): 0.3/2.9 MB | 218/314 kB
Progress (2): 0.3/2.9 MB | 218/314 kB
Progress (2): 0.3/2.9 MB | 218/314 kB
Progress (2): 0.3/2.9 MB | 234/314 kB
Progress (2): 0.3/2.9 MB | 234/314 kB
Progress (2): 0.3/2.9 MB | 251/314 kB
Progress (2): 0.3/2.9 MB | 251/314 kB
Progress (2): 0.3/2.9 MB | 251/314 kB
Progress (2): 0.3/2.9 MB | 267/314 kB
Progress (2): 0.3/2.9 MB | 267/314 kB
Progress (2): 0.4/2.9 MB | 267/314 kB
Progress (2): 0.4/2.9 MB | 267/314 kB
Progress (2): 0.4/2.9 MB | 283/314 kB
Progress (2): 0.4/2.9 MB | 283/314 kB
Progress (2): 0.4/2.9 MB | 283/314 kB
Progress (2): 0.4/2.9 MB | 300/314 kB
Progress (2): 0.4/2.9 MB | 300/314 kB
Progress (2): 0.4/2.9 MB | 300/314 kB
Progress (2): 0.4/2.9 MB | 314 kB    
Progress (2): 0.5/2.9 MB | 314 kB
Progress (2): 0.5/2.9 MB | 314 kB
Progress (2): 0.5/2.9 MB | 314 kB
                                 
Downloaded from central: https://repo.maven.apache.org/maven2/org/apache/maven/surefire/maven-surefire-common/3.5.4/maven-surefire-common-3.5.4.jar (314 kB at 427 kB/s)
Progress (1): 0.5/2.9 MB
Progress (1): 0.5/2.9 MB
Progress (1): 0.5/2.9 MB
Progress (1): 0.5/2.9 MB
Progress (1): 0.5/2.9 MB
Progress (1): 0.6/2.9 MB
Progress (1): 0.6/2.9 MB
Progress (1): 0.6/2.9 MB
Progress (1): 0.6/2.9 MB
Progress (1): 0.6/2.9 MB
Progress (1): 0.6/2.9 MB
Progress (1): 0.7/2.9 MB
Progress (1): 0.7/2.9 MB
Progress (1): 0.7/2.9 MB
Progress (1): 0.7/2.9 MB
Progress (1): 0.7/2.9 MB
Progress (1): 0.7/2.9 MB
Progress (1): 0.8/2.9 MB
Progress (1): 0.8/2.9 MB
Progress (1): 0.8/2.9 MB
Progress (1): 0.8/2.9 MB
Progress (1): 0.8/2.9 MB
Progress (1): 0.8/2.9 MB
Progress (1): 0.9/2.9 MB
Progress (1): 0.9/2.9 MB
Progress (1): 0.9/2.9 MB
Progress (1): 0.9/2.9 MB
Progress (1): 0.9/2.9 MB
Progress (1): 0.9/2.9 MB
Progress (1): 1.0/2.9 MB
Progress (1): 1.0/2.9 MB
Progress (1): 1.0/2.9 MB
Progress (1): 1.0/2.9 MB
Progress (1): 1.0/2.9 MB
Progress (1): 1.0/2.9 MB
Progress (1): 1.1/2.9 MB
Progress (1): 1.1/2.9 MB
Progress (1): 1.1/2.9 MB
Progress (1): 1.1/2.9 MB
Progress (1): 1.1/2.9 MB
Progress (1): 1.1/2.9 MB
Progress (1): 1.2/2.9 MB
Progress (1): 1.2/2.9 MB
Progress (1): 1.2/2.9 MB
Progress (1): 1.2/2.9 MB
Progress (1): 1.2/2.9 MB
Progress (1): 1.2/2.9 MB
Progress (1): 1.3/2.9 MB
Progress (1): 1.3/2.9 MB
Progress (1): 1.3/2.9 MB
Progress (1): 1.3/2.9 MB
Progress (1): 1.3/2.9 MB
Progress (1): 1.3/2.9 MB
Progress (1): 1.4/2.9 MB
Progress (1): 1.4/2.9 MB
Progress (1): 1.4/2.9 MB
Progress (1): 1.4/2.9 MB
Progress (1): 1.4/2.9 MB
Progress (1): 1.4/2.9 MB
Progress (1): 1.4/2.9 MB
Progress (1): 1.5/2.9 MB
Progress (1): 1.5/2.9 MB
Progress (1): 1.5/2.9 MB
Progress (1): 1.5/2.9 MB
Progress (1): 1.5/2.9 MB
Progress (1): 1.5/2.9 MB
Progress (1): 1.6/2.9 MB
Progress (1): 1.6/2.9 MB
Progress (1): 1.6/2.9 MB
Progress (1): 1.6/2.9 MB
Progress (1): 1.6/2.9 MB
Progress (1): 1.6/2.9 MB
Progress (1): 1.7/2.9 MB
Progress (1): 1.7/2.9 MB
Progress (1): 1.7/2.9 MB
Progress (1): 1.7/2.9 MB
Progress (1): 1.7/2.9 MB
Progress (1): 1.7/2.9 MB
Progress (1): 1.8/2.9 MB
Progress (1): 1.8/2.9 MB
Progress (1): 1.8/2.9 MB
Progress (1): 1.8/2.9 MB
Progress (1): 1.8/2.9 MB
Progress (1): 1.8/2.9 MB
Progress (1): 1.9/2.9 MB
Progress (1): 1.9/2.9 MB
Progress (1): 1.9/2.9 MB
Progress (1): 1.9/2.9 MB
Progress (1): 1.9/2.9 MB
Progress (1): 1.9/2.9 MB
Progress (1): 2.0/2.9 MB
Progress (1): 2.0/2.9 MB
Progress (1): 2.0/2.9 MB
Progress (1): 2.0/2.9 MB
Progress (1): 2.0/2.9 MB
Progress (1): 2.0/2.9 MB
Progress (1): 2.1/2.9 MB
Progress (1): 2.1/2.9 MB
Progress (1): 2.1/2.9 MB
Progress (1): 2.1/2.9 MB
Progress (1): 2.1/2.9 MB
Progress (1): 2.1/2.9 MB
Progress (1): 2.2/2.9 MB
Progress (1): 2.2/2.9 MB
Progress (1): 2.2/2.9 MB
Progress (1): 2.2/2.9 MB
Progress (1): 2.2/2.9 MB
Progress (1): 2.2/2.9 MB
Progress (1): 2.3/2.9 MB
Progress (1): 2.3/2.9 MB
Progress (1): 2.3/2.9 MB
Progress (1): 2.3/2.9 MB
Progress (1): 2.3/2.9 MB
Progress (1): 2.3/2.9 MB
Progress (1): 2.4/2.9 MB
Progress (1): 2.4/2.9 MB
Progress (1): 2.4/2.9 MB
Progress (1): 2.4/2.9 MB
Progress (1): 2.4/2.9 MB
Progress (1): 2.4/2.9 MB
Progress (1): 2.4/2.9 MB
Progress (1): 2.5/2.9 MB
Progress (1): 2.5/2.9 MB
Progress (1): 2.5/2.9 MB
Progress (1): 2.5/2.9 MB
Progress (1): 2.5/2.9 MB
Progress (1): 2.5/2.9 MB
Progress (1): 2.6/2.9 MB
Progress (1): 2.6/2.9 MB
Progress (1): 2.6/2.9 MB
Progress (1): 2.6/2.9 MB
Progress (1): 2.6/2.9 MB
Progress (1): 2.6/2.9 MB
Progress (1): 2.7/2.9 MB
Progress (1): 2.7/2.9 MB
Progress (1): 2.7/2.9 MB
Progress (1): 2.7/2.9 MB
Progress (1): 2.7/2.9 MB
Progress (1): 2.7/2.9 MB
Progress (1): 2.8/2.9 MB
Progress (1): 2.8/2.9 MB
Progress (1): 2.8/2.9 MB
Progress (1): 2.8/2.9 MB
Progress (1): 2.8/2.9 MB
Progress (1): 2.8/2.9 MB
Progress (1): 2.9/2.9 MB
Progress (1): 2.9/2.9 MB
Progress (1): 2.9/2.9 MB
Progress (1): 2.9/2.9 MB
Progress (1): 2.9/2.9 MB
Progress (1): 2.9 MB    
                    
Downloaded from central: https://repo.maven.apache.org/maven2/org/apache/maven/surefire/surefire-shared-utils/3.5.4/surefire-shared-utils-3.5.4.jar (2.9 MB at 1.8 MB/s)
[INFO] Using auto detected provider org.apache.maven.surefire.junitplatform.JUnitPlatformProvider
Downloading from central: https://repo.maven.apache.org/maven2/org/apache/maven/surefire/surefire-junit-platform/3.5.4/surefire-junit-platform-3.5.4.pom
Progress (1): 832 B
Progress (1): 3.9 kB
Progress (1): 5.2 kB
                    
Downloaded from central: https://repo.maven.apache.org/maven2/org/apache/maven/surefire/surefire-junit-platform/3.5.4/surefire-junit-platform-3.5.4.pom (5.2 kB at 15 kB/s)
Downloading from central: https://repo.maven.apache.org/maven2/org/apache/maven/surefire/surefire-providers/3.5.4/surefire-providers-3.5.4.pom
Progress (1): 844 B
Progress (1): 2.5 kB
                    
Downloaded from central: https://repo.maven.apache.org/maven2/org/apache/maven/surefire/surefire-providers/3.5.4/surefire-providers-3.5.4.pom (2.5 kB at 69 kB/s)
Downloading from central: https://repo.maven.apache.org/maven2/org/apache/maven/surefire/common-java5/3.5.4/common-java5-3.5.4.pom
Progress (1): 839 B
Progress (1): 2.8 kB
Progress (1): 3.1 kB
                    
Downloaded from central: https://repo.maven.apache.org/maven2/org/apache/maven/surefire/common-java5/3.5.4/common-java5-3.5.4.pom (3.1 kB at 9.1 kB/s)
Downloading from central: https://repo.maven.apache.org/maven2/org/apache/maven/surefire/surefire-junit-platform/3.5.4/surefire-junit-platform-3.5.4.jar
Downloading from central: https://repo.maven.apache.org/maven2/org/apache/maven/surefire/common-java5/3.5.4/common-java5-3.5.4.jar
Progress (1): 7.7/35 kB
Progress (1): 16/35 kB 
Progress (1): 25/35 kB
Progress (1): 35 kB   
                   
Downloaded from central: https://repo.maven.apache.org/maven2/org/apache/maven/surefire/surefire-junit-platform/3.5.4/surefire-junit-platform-3.5.4.jar (35 kB at 825 kB/s)
Progress (1): 7.7/18 kB
Progress (1): 8.2/18 kB
Progress (1): 18 kB    
                   
Downloaded from central: https://repo.maven.apache.org/maven2/org/apache/maven/surefire/common-java5/3.5.4/common-java5-3.5.4.jar (18 kB at 29 kB/s)
[INFO] 
[INFO] -------------------------------------------------------
[INFO]  T E S T S
[INFO] -------------------------------------------------------
[INFO] Running org.serwin.config_server.ConfigServerApplicationTests
10:30:19.272 [main] INFO org.springframework.test.context.support.AnnotationConfigContextLoaderUtils -- Could not detect default configuration classes for test class [org.serwin.config_server.ConfigServerApplicationTests]: ConfigServerApplicationTests does not declare any static, non-private, non-final, nested classes annotated with @Configuration.
10:30:19.650 [main] INFO org.springframework.boot.test.context.SpringBootTestContextBootstrapper -- Found @SpringBootConfiguration org.serwin.config_server.ConfigServerApplication for test class org.serwin.config_server.ConfigServerApplicationTests

  .   ____          _            __ _ _
 /\\ / ___'_ __ _ _(_)_ __  __ _ \ \ \ \
( ( )\___ | '_ | '_| | '_ \/ _` | \ \ \ \
 \\/  ___)| |_)| | | | | || (_| |  ) ) ) )
  '  |____| .__|_| |_|_| |_\__, | / / / /
 =========|_|==============|___/=/_/_/_/

 :: Spring Boot ::                (v4.0.1)

2026-03-13T10:30:21.959+03:00  INFO 17440 --- [configserver] [           main] o.s.c.ConfigServerApplicationTests       : Starting ConfigServerApplicationTests using Java 17.0.12 with PID 17440 (started by 0x6D617274696E in C:\Users\0x6D617274696E\Desktop\aws-v8\config-server)
2026-03-13T10:30:21.964+03:00  INFO 17440 --- [configserver] [           main] o.s.c.ConfigServerApplicationTests       : No active profile set, falling back to 1 default profile: "default"
2026-03-13T10:30:23.934+03:00  INFO 17440 --- [configserver] [           main] o.s.cloud.context.scope.GenericScope     : BeanFactory id=5544e413-72a9-37af-974c-eead6149e3a2
2026-03-13T10:30:26.545+03:00  INFO 17440 --- [configserver] [           main] DiscoveryClientOptionalArgsConfiguration : Eureka HTTP Client uses RestClient.
2026-03-13T10:30:27.121+03:00  WARN 17440 --- [configserver] [           main] iguration$LoadBalancerCaffeineWarnLogger : Spring Cloud LoadBalancer is currently working with the default cache. While this cache implementation is useful for development and tests, it's recommended to use Caffeine cache in production.You can switch to using Caffeine cache, by adding it and org.springframework.cache.caffeine.CaffeineCacheManager to the classpath.
2026-03-13T10:30:27.171+03:00  INFO 17440 --- [configserver] [           main] o.s.c.n.eureka.InstanceInfoFactory       : Setting initial instance status as: STARTING
2026-03-13T10:30:27.219+03:00  INFO 17440 --- [configserver] [           main] com.netflix.discovery.DiscoveryClient    : Initializing Eureka in region us-east-1
2026-03-13T10:30:27.226+03:00  INFO 17440 --- [configserver] [           main] c.n.d.s.r.aws.ConfigClusterResolver      : Resolving eureka endpoints via configuration
2026-03-13T10:30:27.242+03:00  INFO 17440 --- [configserver] [           main] com.netflix.discovery.DiscoveryClient    : Disable delta property : false
2026-03-13T10:30:27.242+03:00  INFO 17440 --- [configserver] [           main] com.netflix.discovery.DiscoveryClient    : Single vip registry refresh property : null
2026-03-13T10:30:27.242+03:00  INFO 17440 --- [configserver] [           main] com.netflix.discovery.DiscoveryClient    : Force full registry fetch : false
2026-03-13T10:30:27.243+03:00  INFO 17440 --- [configserver] [           main] com.netflix.discovery.DiscoveryClient    : Application is null : false
2026-03-13T10:30:27.243+03:00  INFO 17440 --- [configserver] [           main] com.netflix.discovery.DiscoveryClient    : Registered Applications size is zero : true
2026-03-13T10:30:27.243+03:00  INFO 17440 --- [configserver] [           main] com.netflix.discovery.DiscoveryClient    : Application version is -1: true
2026-03-13T10:30:27.243+03:00  INFO 17440 --- [configserver] [           main] com.netflix.discovery.DiscoveryClient    : Getting all instance registry info from the eureka server
2026-03-13T10:30:28.941+03:00  INFO 17440 --- [configserver] [           main] c.n.d.s.t.d.RedirectingEurekaHttpClient  : Request execution error. endpoint=DefaultEndpoint{ serviceUrl='http://discovery-server:8761/eureka/}, exception=I/O error on GET request for "http://discovery-server:8761/eureka/apps/": No such host is known (discovery-server) stacktrace=org.springframework.web.client.ResourceAccessException: I/O error on GET request for "http://discovery-server:8761/eureka/apps/": No such host is known (discovery-server)
	at org.springframework.web.client.DefaultRestClient$DefaultRequestBodyUriSpec.createResourceAccessException(DefaultRestClient.java:763)
	at org.springframework.web.client.DefaultRestClient$DefaultRequestBodyUriSpec.exchangeInternal(DefaultRestClient.java:615)
	at org.springframework.web.client.DefaultRestClient$DefaultRequestBodyUriSpec.exchange(DefaultRestClient.java:567)
	at org.springframework.web.client.RestClient$RequestHeadersSpec.exchange(RestClient.java:750)
	at org.springframework.web.client.DefaultRestClient$DefaultResponseSpec.executeAndExtract(DefaultRestClient.java:896)
	at org.springframework.web.client.DefaultRestClient$DefaultResponseSpec.toEntityInternal(DefaultRestClient.java:842)
	at org.springframework.web.client.DefaultRestClient$DefaultResponseSpec.toEntity(DefaultRestClient.java:831)
	at org.springframework.cloud.netflix.eureka.http.RestClientEurekaHttpClient.getApplicationsInternal(RestClientEurekaHttpClient.java:201)
	at org.springframework.cloud.netflix.eureka.http.RestClientEurekaHttpClient.getApplications(RestClientEurekaHttpClient.java:137)
	at com.netflix.discovery.shared.transport.decorator.EurekaHttpClientDecorator$6.execute(EurekaHttpClientDecorator.java:137)
	at com.netflix.discovery.shared.transport.decorator.RedirectingEurekaHttpClient.executeOnNewServer(RedirectingEurekaHttpClient.java:121)
	at com.netflix.discovery.shared.transport.decorator.RedirectingEurekaHttpClient.execute(RedirectingEurekaHttpClient.java:80)
	at com.netflix.discovery.shared.transport.decorator.EurekaHttpClientDecorator.getApplications(EurekaHttpClientDecorator.java:134)
	at com.netflix.discovery.shared.transport.decorator.EurekaHttpClientDecorator$6.execute(EurekaHttpClientDecorator.java:137)
	at com.netflix.discovery.shared.transport.decorator.RetryableEurekaHttpClient.execute(RetryableEurekaHttpClient.java:120)
	at com.netflix.discovery.shared.transport.decorator.EurekaHttpClientDecorator.getApplications(EurekaHttpClientDecorator.java:134)
	at com.netflix.discovery.shared.transport.decorator.EurekaHttpClientDecorator$6.execute(EurekaHttpClientDecorator.java:137)
	at com.netflix.discovery.shared.transport.decorator.SessionedEurekaHttpClient.execute(SessionedEurekaHttpClient.java:76)
	at com.netflix.discovery.shared.transport.decorator.EurekaHttpClientDecorator.getApplications(EurekaHttpClientDecorator.java:134)
	at com.netflix.discovery.DiscoveryClient.getAndStoreFullRegistry(DiscoveryClient.java:1046)
	at com.netflix.discovery.DiscoveryClient.fetchRegistry(DiscoveryClient.java:961)
	at com.netflix.discovery.DiscoveryClient.<init>(DiscoveryClient.java:410)
	at com.netflix.discovery.DiscoveryClient.<init>(DiscoveryClient.java:245)
	at com.netflix.discovery.DiscoveryClient.<init>(DiscoveryClient.java:240)
	at org.springframework.cloud.netflix.eureka.CloudEurekaClient.<init>(CloudEurekaClient.java:68)
	at org.springframework.cloud.netflix.eureka.EurekaClientAutoConfiguration$RefreshableEurekaClientConfiguration.eurekaClient(EurekaClientAutoConfiguration.java:324)
	at java.base/jdk.internal.reflect.NativeMethodAccessorImpl.invoke0(Native Method)
	at java.base/jdk.internal.reflect.NativeMethodAccessorImpl.invoke(NativeMethodAccessorImpl.java:77)
	at java.base/jdk.internal.reflect.DelegatingMethodAccessorImpl.invoke(DelegatingMethodAccessorImpl.java:43)
	at java.base/java.lang.reflect.Method.invoke(Method.java:568)
	at org.springframework.beans.factory.support.SimpleInstantiationStrategy.lambda$instantiate$0(SimpleInstantiationStrategy.java:155)
	at org.springframework.beans.factory.support.SimpleInstantiationStrategy.instantiateWithFactoryMethod(SimpleInstantiationStrategy.java:72)
	at org.springframework.beans.factory.support.SimpleInstantiationStrategy.instantiate(SimpleInstantiationStrategy.java:152)
	at org.springframework.beans.factory.support.ConstructorResolver.instantiate(ConstructorResolver.java:653)
	at org.springframework.beans.factory.support.ConstructorResolver.instantiateUsingFactoryMethod(ConstructorResolver.java:645)
	at org.springframework.beans.factory.support.AbstractAutowireCapableBeanFactory.instantiateUsingFactoryMethod(AbstractAutowireCapableBeanFactory.java:1362)
	at org.springframework.beans.factory.support.AbstractAutowireCapableBeanFactory.createBeanInstance(AbstractAutowireCapableBeanFactory.java:1194)
	at org.springframework.beans.factory.support.AbstractAutowireCapableBeanFactory.doCreateBean(AbstractAutowireCapableBeanFactory.java:565)
	at org.springframework.beans.factory.support.AbstractAutowireCapableBeanFactory.createBean(AbstractAutowireCapableBeanFactory.java:525)
	at org.springframework.beans.factory.support.AbstractBeanFactory.lambda$doGetBean$1(AbstractBeanFactory.java:372)
	at org.springframework.cloud.context.scope.GenericScope$BeanLifecycleWrapper.getBean(GenericScope.java:373)
	at org.springframework.cloud.context.scope.GenericScope.get(GenericScope.java:177)
	at org.springframework.beans.factory.support.AbstractBeanFactory.doGetBean(AbstractBeanFactory.java:369)
	at org.springframework.beans.factory.support.AbstractBeanFactory.getBean(AbstractBeanFactory.java:196)
	at org.springframework.aop.target.SimpleBeanTargetSource.getTarget(SimpleBeanTargetSource.java:35)
	at org.springframework.cloud.netflix.eureka.serviceregistry.EurekaRegistration.getTargetObject(EurekaRegistration.java:128)
	at org.springframework.cloud.netflix.eureka.serviceregistry.EurekaRegistration.getEurekaClient(EurekaRegistration.java:116)
	at java.base/jdk.internal.reflect.NativeMethodAccessorImpl.invoke0(Native Method)
	at java.base/jdk.internal.reflect.NativeMethodAccessorImpl.invoke(NativeMethodAccessorImpl.java:77)
	at java.base/jdk.internal.reflect.DelegatingMethodAccessorImpl.invoke(DelegatingMethodAccessorImpl.java:43)
	at java.base/java.lang.reflect.Method.invoke(Method.java:568)
	at org.springframework.util.ReflectionUtils.invokeMethod(ReflectionUtils.java:281)
	at org.springframework.cloud.context.scope.GenericScope$LockedScopedProxyFactoryBean.invoke(GenericScope.java:480)
	at org.springframework.aop.framework.ReflectiveMethodInvocation.proceed(ReflectiveMethodInvocation.java:179)
	at org.springframework.aop.framework.CglibAopProxy$DynamicAdvisedInterceptor.intercept(CglibAopProxy.java:719)
	at org.springframework.cloud.netflix.eureka.serviceregistry.EurekaRegistration$$SpringCGLIB$$0.getEurekaClient(<generated>)
	at org.springframework.cloud.netflix.eureka.serviceregistry.EurekaServiceRegistry.maybeInitializeClient(EurekaServiceRegistry.java:83)
	at org.springframework.cloud.netflix.eureka.serviceregistry.EurekaServiceRegistry.register(EurekaServiceRegistry.java:66)
	at org.springframework.cloud.netflix.eureka.serviceregistry.EurekaAutoServiceRegistration.start(EurekaAutoServiceRegistration.java:89)
	at org.springframework.context.support.DefaultLifecycleProcessor.doStart(DefaultLifecycleProcessor.java:420)
	at org.springframework.context.support.DefaultLifecycleProcessor.doStart(DefaultLifecycleProcessor.java:409)
	at org.springframework.context.support.DefaultLifecycleProcessor$LifecycleGroup.start(DefaultLifecycleProcessor.java:613)
	at java.base/java.lang.Iterable.forEach(Iterable.java:75)
	at org.springframework.context.support.DefaultLifecycleProcessor.startBeans(DefaultLifecycleProcessor.java:379)
	at org.springframework.context.support.DefaultLifecycleProcessor.onRefresh(DefaultLifecycleProcessor.java:306)
	at org.springframework.context.support.AbstractApplicationContext.finishRefresh(AbstractApplicationContext.java:1012)
	at org.springframework.context.support.AbstractApplicationContext.refresh(AbstractApplicationContext.java:623)
	at org.springframework.boot.SpringApplication.refresh(SpringApplication.java:756)
	at org.springframework.boot.SpringApplication.refreshContext(SpringApplication.java:445)
	at org.springframework.boot.SpringApplication.run(SpringApplication.java:321)
	at org.springframework.boot.test.context.SpringBootContextLoader.lambda$loadContext$2(SpringBootContextLoader.java:156)
	at org.springframework.util.function.ThrowingSupplier.get(ThrowingSupplier.java:58)
	at org.springframework.util.function.ThrowingSupplier.get(ThrowingSupplier.java:46)
	at org.springframework.boot.SpringApplication.withHook(SpringApplication.java:1465)
	at org.springframework.boot.test.context.SpringBootContextLoader$ContextLoaderHook.run(SpringBootContextLoader.java:605)
	at org.springframework.boot.test.context.SpringBootContextLoader.loadContext(SpringBootContextLoader.java:156)
	at org.springframework.boot.test.context.SpringBootContextLoader.loadContext(SpringBootContextLoader.java:115)
	at org.springframework.test.context.cache.DefaultCacheAwareContextLoaderDelegate.loadContextInternal(DefaultCacheAwareContextLoaderDelegate.java:247)
	at org.springframework.test.context.cache.DefaultCacheAwareContextLoaderDelegate.lambda$loadContext$0(DefaultCacheAwareContextLoaderDelegate.java:167)
	at org.springframework.test.context.cache.DefaultContextCache.put(DefaultContextCache.java:172)
	at org.springframework.test.context.cache.DefaultCacheAwareContextLoaderDelegate.loadContext(DefaultCacheAwareContextLoaderDelegate.java:160)
	at org.springframework.test.context.support.DefaultTestContext.getApplicationContext(DefaultTestContext.java:128)
	at org.springframework.test.context.web.ServletTestExecutionListener.setUpRequestContextIfNecessary(ServletTestExecutionListener.java:200)
	at org.springframework.test.context.web.ServletTestExecutionListener.prepareTestInstance(ServletTestExecutionListener.java:139)
	at org.springframework.test.context.TestContextManager.prepareTestInstance(TestContextManager.java:260)
	at org.springframework.test.context.junit.jupiter.SpringExtension.postProcessTestInstance(SpringExtension.java:205)
	at org.junit.jupiter.engine.descriptor.ClassBasedTestDescriptor.lambda$invokeTestInstancePostProcessors$1(ClassBasedTestDescriptor.java:423)
	at org.junit.jupiter.engine.descriptor.ClassBasedTestDescriptor.executeAndMaskThrowable(ClassBasedTestDescriptor.java:428)
	at org.junit.jupiter.engine.descriptor.ClassBasedTestDescriptor.lambda$invokeTestInstancePostProcessors$0(ClassBasedTestDescriptor.java:422)
	at java.base/java.util.stream.ForEachOps$ForEachOp$OfRef.accept(ForEachOps.java:183)
	at java.base/java.util.stream.ReferencePipeline$3$1.accept(ReferencePipeline.java:197)
	at java.base/java.util.stream.ReferencePipeline$2$1.accept(ReferencePipeline.java:179)
	at java.base/java.util.stream.ReferencePipeline$3$1.accept(ReferencePipeline.java:197)
	at java.base/java.util.ArrayList$ArrayListSpliterator.forEachRemaining(ArrayList.java:1625)
	at java.base/java.util.stream.AbstractPipeline.copyInto(AbstractPipeline.java:509)
	at java.base/java.util.stream.AbstractPipeline.wrapAndCopyInto(AbstractPipeline.java:499)
	at java.base/java.util.stream.ForEachOps$ForEachOp.evaluateSequential(ForEachOps.java:150)
	at java.base/java.util.stream.ForEachOps$ForEachOp$OfRef.evaluateSequential(ForEachOps.java:173)
	at java.base/java.util.stream.AbstractPipeline.evaluate(AbstractPipeline.java:234)
	at java.base/java.util.stream.ReferencePipeline.forEach(ReferencePipeline.java:596)
	at org.junit.jupiter.engine.descriptor.ClassBasedTestDescriptor.invokeTestInstancePostProcessors(ClassBasedTestDescriptor.java:422)
	at org.junit.jupiter.engine.descriptor.ClassBasedTestDescriptor.lambda$instantiateAndPostProcessTestInstance$0(ClassBasedTestDescriptor.java:334)
	at org.junit.platform.engine.support.hierarchical.ThrowableCollector.execute(ThrowableCollector.java:74)
	at org.junit.jupiter.engine.descriptor.ClassBasedTestDescriptor.instantiateAndPostProcessTestInstance(ClassBasedTestDescriptor.java:333)
	at org.junit.jupiter.engine.descriptor.ClassBasedTestDescriptor.lambda$testInstancesProvider$1(ClassBasedTestDescriptor.java:322)
	at java.base/java.util.Optional.orElseGet(Optional.java:364)
	at org.junit.jupiter.engine.descriptor.ClassBasedTestDescriptor.lambda$testInstancesProvider$0(ClassBasedTestDescriptor.java:321)
	at org.junit.jupiter.engine.execution.TestInstancesProvider.getTestInstances(TestInstancesProvider.java:27)
	at org.junit.jupiter.engine.descriptor.TestMethodTestDescriptor.lambda$prepare$0(TestMethodTestDescriptor.java:127)
	at org.junit.platform.engine.support.hierarchical.ThrowableCollector.execute(ThrowableCollector.java:74)
	at org.junit.jupiter.engine.descriptor.TestMethodTestDescriptor.prepare(TestMethodTestDescriptor.java:126)
	at org.junit.jupiter.engine.descriptor.TestMethodTestDescriptor.prepare(TestMethodTestDescriptor.java:70)
	at org.junit.platform.engine.support.hierarchical.NodeTestTask.lambda$prepare$0(NodeTestTask.java:144)
	at org.junit.platform.engine.support.hierarchical.ThrowableCollector.execute(ThrowableCollector.java:74)
	at org.junit.platform.engine.support.hierarchical.NodeTestTask.prepare(NodeTestTask.java:144)
	at org.junit.platform.engine.support.hierarchical.NodeTestTask.execute(NodeTestTask.java:110)
	at java.base/java.util.ArrayList.forEach(ArrayList.java:1511)
	at org.junit.platform.engine.support.hierarchical.SameThreadHierarchicalTestExecutorService.invokeAll(SameThreadHierarchicalTestExecutorService.java:42)
	at org.junit.platform.engine.support.hierarchical.NodeTestTask.lambda$executeRecursively$2(NodeTestTask.java:180)
	at org.junit.platform.engine.support.hierarchical.ThrowableCollector.execute(ThrowableCollector.java:74)
	at org.junit.platform.engine.support.hierarchical.NodeTestTask.lambda$executeRecursively$1(NodeTestTask.java:166)
	at org.junit.platform.engine.support.hierarchical.Node.around(Node.java:138)
	at org.junit.platform.engine.support.hierarchical.NodeTestTask.lambda$executeRecursively$0(NodeTestTask.java:164)
	at org.junit.platform.engine.support.hierarchical.ThrowableCollector.execute(ThrowableCollector.java:74)
	at org.junit.platform.engine.support.hierarchical.NodeTestTask.executeRecursively(NodeTestTask.java:163)
	at org.junit.platform.engine.support.hierarchical.NodeTestTask.execute(NodeTestTask.java:116)
	at java.base/java.util.ArrayList.forEach(ArrayList.java:1511)
	at org.junit.platform.engine.support.hierarchical.SameThreadHierarchicalTestExecutorService.invokeAll(SameThreadHierarchicalTestExecutorService.java:42)
	at org.junit.platform.engine.support.hierarchical.NodeTestTask.lambda$executeRecursively$2(NodeTestTask.java:180)
	at org.junit.platform.engine.support.hierarchical.ThrowableCollector.execute(ThrowableCollector.java:74)
	at org.junit.platform.engine.support.hierarchical.NodeTestTask.lambda$executeRecursively$1(NodeTestTask.java:166)
	at org.junit.platform.engine.support.hierarchical.Node.around(Node.java:138)
	at org.junit.platform.engine.support.hierarchical.NodeTestTask.lambda$executeRecursively$0(NodeTestTask.java:164)
	at org.junit.platform.engine.support.hierarchical.ThrowableCollector.execute(ThrowableCollector.java:74)
	at org.junit.platform.engine.support.hierarchical.NodeTestTask.executeRecursively(NodeTestTask.java:163)
	at org.junit.platform.engine.support.hierarchical.NodeTestTask.execute(NodeTestTask.java:116)
	at org.junit.platform.engine.support.hierarchical.SameThreadHierarchicalTestExecutorService.submit(SameThreadHierarchicalTestExecutorService.java:36)
	at org.junit.platform.engine.support.hierarchical.HierarchicalTestExecutor.execute(HierarchicalTestExecutor.java:52)
	at org.junit.platform.engine.support.hierarchical.HierarchicalTestEngine.execute(HierarchicalTestEngine.java:58)
	at org.junit.platform.launcher.core.EngineExecutionOrchestrator.executeEngine(EngineExecutionOrchestrator.java:246)
	at org.junit.platform.launcher.core.EngineExecutionOrchestrator.failOrExecuteEngine(EngineExecutionOrchestrator.java:218)
	at org.junit.platform.launcher.core.EngineExecutionOrchestrator.execute(EngineExecutionOrchestrator.java:179)
	at org.junit.platform.launcher.core.EngineExecutionOrchestrator.execute(EngineExecutionOrchestrator.java:108)
	at org.junit.platform.launcher.core.EngineExecutionOrchestrator.lambda$execute$0(EngineExecutionOrchestrator.java:66)
	at org.junit.platform.launcher.core.EngineExecutionOrchestrator.withInterceptedStreams(EngineExecutionOrchestrator.java:157)
	at org.junit.platform.launcher.core.EngineExecutionOrchestrator.execute(EngineExecutionOrchestrator.java:65)
	at org.junit.platform.launcher.core.DefaultLauncher.execute(DefaultLauncher.java:125)
	at org.junit.platform.launcher.core.DefaultLauncher.execute(DefaultLauncher.java:114)
	at org.junit.platform.launcher.core.DelegatingLauncher.execute(DelegatingLauncher.java:58)
	at org.junit.platform.launcher.core.InterceptingLauncher.lambda$execute$2(InterceptingLauncher.java:57)
	at org.junit.platform.launcher.core.ClasspathAlignmentCheckingLauncherInterceptor.intercept(ClasspathAlignmentCheckingLauncherInterceptor.java:25)
	at org.junit.platform.launcher.core.InterceptingLauncher.execute(InterceptingLauncher.java:56)
	at org.junit.platform.launcher.core.DelegatingLauncher.execute(DelegatingLauncher.java:58)
	at java.base/jdk.internal.reflect.NativeMethodAccessorImpl.invoke0(Native Method)
	at java.base/jdk.internal.reflect.NativeMethodAccessorImpl.invoke(NativeMethodAccessorImpl.java:77)
	at java.base/jdk.internal.reflect.DelegatingMethodAccessorImpl.invoke(DelegatingMethodAccessorImpl.java:43)
	at java.base/java.lang.reflect.Method.invoke(Method.java:568)
	at org.apache.maven.surefire.api.util.ReflectionUtils.invokeMethodWithArray(ReflectionUtils.java:125)
	at org.apache.maven.surefire.junitplatform.LauncherAdapter.executeWithCancellationToken(LauncherAdapter.java:68)
	at org.apache.maven.surefire.junitplatform.LauncherAdapter.execute(LauncherAdapter.java:54)
	at org.apache.maven.surefire.junitplatform.JUnitPlatformProvider.execute(JUnitPlatformProvider.java:203)
	at org.apache.maven.surefire.junitplatform.JUnitPlatformProvider.invokeAllTests(JUnitPlatformProvider.java:168)
	at org.apache.maven.surefire.junitplatform.JUnitPlatformProvider.invoke(JUnitPlatformProvider.java:136)
	at org.apache.maven.surefire.booter.ForkedBooter.runSuitesInProcess(ForkedBooter.java:385)
	at org.apache.maven.surefire.booter.ForkedBooter.execute(ForkedBooter.java:162)
	at org.apache.maven.surefire.booter.ForkedBooter.run(ForkedBooter.java:507)
	at org.apache.maven.surefire.booter.ForkedBooter.main(ForkedBooter.java:495)
Caused by: java.net.UnknownHostException: No such host is known (discovery-server)
	at java.base/java.net.Inet6AddressImpl.lookupAllHostAddr(Native Method)
	at java.base/java.net.InetAddress$PlatformNameService.lookupAllHostAddr(InetAddress.java:933)
	at java.base/java.net.InetAddress.getAddressesFromNameService(InetAddress.java:1543)
	at java.base/java.net.InetAddress$NameServiceAddresses.get(InetAddress.java:852)
	at java.base/java.net.InetAddress.getAllByName0(InetAddress.java:1532)
	at java.base/java.net.InetAddress.getAllByName(InetAddress.java:1384)
	at java.base/java.net.InetAddress.getAllByName(InetAddress.java:1305)
	at org.apache.hc.client5.http.SystemDefaultDnsResolver.resolve(SystemDefaultDnsResolver.java:61)
	at org.apache.hc.client5.http.DnsResolver.resolve(DnsResolver.java:77)
	at org.apache.hc.client5.http.impl.io.DefaultHttpClientConnectionOperator.connect(DefaultHttpClientConnectionOperator.java:173)
	at org.apache.hc.client5.http.impl.io.PoolingHttpClientConnectionManager.connect(PoolingHttpClientConnectionManager.java:497)
	at org.apache.hc.client5.http.impl.classic.InternalExecRuntime.connectEndpoint(InternalExecRuntime.java:164)
	at org.apache.hc.client5.http.impl.classic.InternalExecRuntime.connectEndpoint(InternalExecRuntime.java:174)
	at org.apache.hc.client5.http.impl.classic.ConnectExec.execute(ConnectExec.java:144)
	at org.apache.hc.client5.http.impl.classic.ExecChainElement.execute(ExecChainElement.java:51)
	at org.apache.hc.client5.http.impl.classic.ProtocolExec.execute(ProtocolExec.java:195)
	at org.apache.hc.client5.http.impl.classic.ExecChainElement.execute(ExecChainElement.java:51)
	at org.apache.hc.client5.http.impl.classic.ContentCompressionExec.execute(ContentCompressionExec.java:151)
	at org.apache.hc.client5.http.impl.classic.ExecChainElement.execute(ExecChainElement.java:51)
	at org.apache.hc.client5.http.impl.classic.HttpRequestRetryExec.execute(HttpRequestRetryExec.java:112)
	at org.apache.hc.client5.http.impl.classic.ExecChainElement.execute(ExecChainElement.java:51)
	at org.apache.hc.client5.http.impl.classic.RedirectExec.execute(RedirectExec.java:110)
	at org.apache.hc.client5.http.impl.classic.ExecChainElement.execute(ExecChainElement.java:51)
	at org.apache.hc.client5.http.impl.classic.InternalHttpClient.doExecute(InternalHttpClient.java:185)
	at org.apache.hc.client5.http.impl.classic.CloseableHttpClient.execute(CloseableHttpClient.java:87)
	at org.apache.hc.client5.http.impl.classic.CloseableHttpClient.execute(CloseableHttpClient.java:55)
	at org.apache.hc.client5.http.classic.HttpClient.executeOpen(HttpClient.java:183)
	at org.springframework.http.client.HttpComponentsClientHttpRequest.executeInternal(HttpComponentsClientHttpRequest.java:99)
	at org.springframework.http.client.AbstractStreamingClientHttpRequest.executeInternal(AbstractStreamingClientHttpRequest.java:87)
	at org.springframework.http.client.AbstractClientHttpRequest.execute(AbstractClientHttpRequest.java:80)
	at org.springframework.http.client.AbstractBufferingClientHttpRequest.executeWithRequest(AbstractBufferingClientHttpRequest.java:89)
	at org.springframework.http.client.InterceptingClientHttpRequest$EndOfChainRequestExecution.execute(InterceptingClientHttpRequest.java:102)
	at org.springframework.cloud.netflix.eureka.http.RestClientTransportClientFactory.lambda$newClient$2(RestClientTransportClientFactory.java:98)
	at org.springframework.http.client.ClientHttpRequestInterceptor.lambda$apply$0(ClientHttpRequestInterceptor.java:89)
	at org.springframework.http.client.InterceptingClientHttpRequest.executeInternal(InterceptingClientHttpRequest.java:73)
	at org.springframework.http.client.AbstractBufferingClientHttpRequest.executeInternal(AbstractBufferingClientHttpRequest.java:50)
	at org.springframework.http.client.AbstractClientHttpRequest.execute(AbstractClientHttpRequest.java:80)
	at org.springframework.web.client.DefaultRestClient$DefaultRequestBodyUriSpec.exchangeInternal(DefaultRestClient.java:609)
	... 165 more

2026-03-13T10:30:28.944+03:00  WARN 17440 --- [configserver] [           main] c.n.d.s.t.d.RetryableEurekaHttpClient    : Request execution failed with message: I/O error on GET request for "http://discovery-server:8761/eureka/apps/": No such host is known (discovery-server)
2026-03-13T10:30:28.945+03:00  INFO 17440 --- [configserver] [           main] com.netflix.discovery.DiscoveryClient    : DiscoveryClient_CONFIGSERVER/DESKTOP-U07QR6S.mshome.net:configserver:8888 - was unable to refresh its cache! This periodic background refresh will be retried in 30 seconds. status = Cannot execute request on any known server stacktrace = com.netflix.discovery.shared.transport.TransportException: Cannot execute request on any known server
	at com.netflix.discovery.shared.transport.decorator.RetryableEurekaHttpClient.execute(RetryableEurekaHttpClient.java:112)
	at com.netflix.discovery.shared.transport.decorator.EurekaHttpClientDecorator.getApplications(EurekaHttpClientDecorator.java:134)
	at com.netflix.discovery.shared.transport.decorator.EurekaHttpClientDecorator$6.execute(EurekaHttpClientDecorator.java:137)
	at com.netflix.discovery.shared.transport.decorator.SessionedEurekaHttpClient.execute(SessionedEurekaHttpClient.java:76)
	at com.netflix.discovery.shared.transport.decorator.EurekaHttpClientDecorator.getApplications(EurekaHttpClientDecorator.java:134)
	at com.netflix.discovery.DiscoveryClient.getAndStoreFullRegistry(DiscoveryClient.java:1046)
	at com.netflix.discovery.DiscoveryClient.fetchRegistry(DiscoveryClient.java:961)
	at com.netflix.discovery.DiscoveryClient.<init>(DiscoveryClient.java:410)
	at com.netflix.discovery.DiscoveryClient.<init>(DiscoveryClient.java:245)
	at com.netflix.discovery.DiscoveryClient.<init>(DiscoveryClient.java:240)
	at org.springframework.cloud.netflix.eureka.CloudEurekaClient.<init>(CloudEurekaClient.java:68)
	at org.springframework.cloud.netflix.eureka.EurekaClientAutoConfiguration$RefreshableEurekaClientConfiguration.eurekaClient(EurekaClientAutoConfiguration.java:324)
	at java.base/jdk.internal.reflect.NativeMethodAccessorImpl.invoke0(Native Method)
	at java.base/jdk.internal.reflect.NativeMethodAccessorImpl.invoke(NativeMethodAccessorImpl.java:77)
	at java.base/jdk.internal.reflect.DelegatingMethodAccessorImpl.invoke(DelegatingMethodAccessorImpl.java:43)
	at java.base/java.lang.reflect.Method.invoke(Method.java:568)
	at org.springframework.beans.factory.support.SimpleInstantiationStrategy.lambda$instantiate$0(SimpleInstantiationStrategy.java:155)
	at org.springframework.beans.factory.support.SimpleInstantiationStrategy.instantiateWithFactoryMethod(SimpleInstantiationStrategy.java:72)
	at org.springframework.beans.factory.support.SimpleInstantiationStrategy.instantiate(SimpleInstantiationStrategy.java:152)
	at org.springframework.beans.factory.support.ConstructorResolver.instantiate(ConstructorResolver.java:653)
	at org.springframework.beans.factory.support.ConstructorResolver.instantiateUsingFactoryMethod(ConstructorResolver.java:645)
	at org.springframework.beans.factory.support.AbstractAutowireCapableBeanFactory.instantiateUsingFactoryMethod(AbstractAutowireCapableBeanFactory.java:1362)
	at org.springframework.beans.factory.support.AbstractAutowireCapableBeanFactory.createBeanInstance(AbstractAutowireCapableBeanFactory.java:1194)
	at org.springframework.beans.factory.support.AbstractAutowireCapableBeanFactory.doCreateBean(AbstractAutowireCapableBeanFactory.java:565)
	at org.springframework.beans.factory.support.AbstractAutowireCapableBeanFactory.createBean(AbstractAutowireCapableBeanFactory.java:525)
	at org.springframework.beans.factory.support.AbstractBeanFactory.lambda$doGetBean$1(AbstractBeanFactory.java:372)
	at org.springframework.cloud.context.scope.GenericScope$BeanLifecycleWrapper.getBean(GenericScope.java:373)
	at org.springframework.cloud.context.scope.GenericScope.get(GenericScope.java:177)
	at org.springframework.beans.factory.support.AbstractBeanFactory.doGetBean(AbstractBeanFactory.java:369)
	at org.springframework.beans.factory.support.AbstractBeanFactory.getBean(AbstractBeanFactory.java:196)
	at org.springframework.aop.target.SimpleBeanTargetSource.getTarget(SimpleBeanTargetSource.java:35)
	at org.springframework.cloud.netflix.eureka.serviceregistry.EurekaRegistration.getTargetObject(EurekaRegistration.java:128)
	at org.springframework.cloud.netflix.eureka.serviceregistry.EurekaRegistration.getEurekaClient(EurekaRegistration.java:116)
	at java.base/jdk.internal.reflect.NativeMethodAccessorImpl.invoke0(Native Method)
	at java.base/jdk.internal.reflect.NativeMethodAccessorImpl.invoke(NativeMethodAccessorImpl.java:77)
	at java.base/jdk.internal.reflect.DelegatingMethodAccessorImpl.invoke(DelegatingMethodAccessorImpl.java:43)
	at java.base/java.lang.reflect.Method.invoke(Method.java:568)
	at org.springframework.util.ReflectionUtils.invokeMethod(ReflectionUtils.java:281)
	at org.springframework.cloud.context.scope.GenericScope$LockedScopedProxyFactoryBean.invoke(GenericScope.java:480)
	at org.springframework.aop.framework.ReflectiveMethodInvocation.proceed(ReflectiveMethodInvocation.java:179)
	at org.springframework.aop.framework.CglibAopProxy$DynamicAdvisedInterceptor.intercept(CglibAopProxy.java:719)
	at org.springframework.cloud.netflix.eureka.serviceregistry.EurekaRegistration$$SpringCGLIB$$0.getEurekaClient(<generated>)
	at org.springframework.cloud.netflix.eureka.serviceregistry.EurekaServiceRegistry.maybeInitializeClient(EurekaServiceRegistry.java:83)
	at org.springframework.cloud.netflix.eureka.serviceregistry.EurekaServiceRegistry.register(EurekaServiceRegistry.java:66)
	at org.springframework.cloud.netflix.eureka.serviceregistry.EurekaAutoServiceRegistration.start(EurekaAutoServiceRegistration.java:89)
	at org.springframework.context.support.DefaultLifecycleProcessor.doStart(DefaultLifecycleProcessor.java:420)
	at org.springframework.context.support.DefaultLifecycleProcessor.doStart(DefaultLifecycleProcessor.java:409)
	at org.springframework.context.support.DefaultLifecycleProcessor$LifecycleGroup.start(DefaultLifecycleProcessor.java:613)
	at java.base/java.lang.Iterable.forEach(Iterable.java:75)
	at org.springframework.context.support.DefaultLifecycleProcessor.startBeans(DefaultLifecycleProcessor.java:379)
	at org.springframework.context.support.DefaultLifecycleProcessor.onRefresh(DefaultLifecycleProcessor.java:306)
	at org.springframework.context.support.AbstractApplicationContext.finishRefresh(AbstractApplicationContext.java:1012)
	at org.springframework.context.support.AbstractApplicationContext.refresh(AbstractApplicationContext.java:623)
	at org.springframework.boot.SpringApplication.refresh(SpringApplication.java:756)
	at org.springframework.boot.SpringApplication.refreshContext(SpringApplication.java:445)
	at org.springframework.boot.SpringApplication.run(SpringApplication.java:321)
	at org.springframework.boot.test.context.SpringBootContextLoader.lambda$loadContext$2(SpringBootContextLoader.java:156)
	at org.springframework.util.function.ThrowingSupplier.get(ThrowingSupplier.java:58)
	at org.springframework.util.function.ThrowingSupplier.get(ThrowingSupplier.java:46)
	at org.springframework.boot.SpringApplication.withHook(SpringApplication.java:1465)
	at org.springframework.boot.test.context.SpringBootContextLoader$ContextLoaderHook.run(SpringBootContextLoader.java:605)
	at org.springframework.boot.test.context.SpringBootContextLoader.loadContext(SpringBootContextLoader.java:156)
	at org.springframework.boot.test.context.SpringBootContextLoader.loadContext(SpringBootContextLoader.java:115)
	at org.springframework.test.context.cache.DefaultCacheAwareContextLoaderDelegate.loadContextInternal(DefaultCacheAwareContextLoaderDelegate.java:247)
	at org.springframework.test.context.cache.DefaultCacheAwareContextLoaderDelegate.lambda$loadContext$0(DefaultCacheAwareContextLoaderDelegate.java:167)
	at org.springframework.test.context.cache.DefaultContextCache.put(DefaultContextCache.java:172)
	at org.springframework.test.context.cache.DefaultCacheAwareContextLoaderDelegate.loadContext(DefaultCacheAwareContextLoaderDelegate.java:160)
	at org.springframework.test.context.support.DefaultTestContext.getApplicationContext(DefaultTestContext.java:128)
	at org.springframework.test.context.web.ServletTestExecutionListener.setUpRequestContextIfNecessary(ServletTestExecutionListener.java:200)
	at org.springframework.test.context.web.ServletTestExecutionListener.prepareTestInstance(ServletTestExecutionListener.java:139)
	at org.springframework.test.context.TestContextManager.prepareTestInstance(TestContextManager.java:260)
	at org.springframework.test.context.junit.jupiter.SpringExtension.postProcessTestInstance(SpringExtension.java:205)
	at org.junit.jupiter.engine.descriptor.ClassBasedTestDescriptor.lambda$invokeTestInstancePostProcessors$1(ClassBasedTestDescriptor.java:423)
	at org.junit.jupiter.engine.descriptor.ClassBasedTestDescriptor.executeAndMaskThrowable(ClassBasedTestDescriptor.java:428)
	at org.junit.jupiter.engine.descriptor.ClassBasedTestDescriptor.lambda$invokeTestInstancePostProcessors$0(ClassBasedTestDescriptor.java:422)
	at java.base/java.util.stream.ForEachOps$ForEachOp$OfRef.accept(ForEachOps.java:183)
	at java.base/java.util.stream.ReferencePipeline$3$1.accept(ReferencePipeline.java:197)
	at java.base/java.util.stream.ReferencePipeline$2$1.accept(ReferencePipeline.java:179)
	at java.base/java.util.stream.ReferencePipeline$3$1.accept(ReferencePipeline.java:197)
	at java.base/java.util.ArrayList$ArrayListSpliterator.forEachRemaining(ArrayList.java:1625)
	at java.base/java.util.stream.AbstractPipeline.copyInto(AbstractPipeline.java:509)
	at java.base/java.util.stream.AbstractPipeline.wrapAndCopyInto(AbstractPipeline.java:499)
	at java.base/java.util.stream.ForEachOps$ForEachOp.evaluateSequential(ForEachOps.java:150)
	at java.base/java.util.stream.ForEachOps$ForEachOp$OfRef.evaluateSequential(ForEachOps.java:173)
	at java.base/java.util.stream.AbstractPipeline.evaluate(AbstractPipeline.java:234)
	at java.base/java.util.stream.ReferencePipeline.forEach(ReferencePipeline.java:596)
	at org.junit.jupiter.engine.descriptor.ClassBasedTestDescriptor.invokeTestInstancePostProcessors(ClassBasedTestDescriptor.java:422)
	at org.junit.jupiter.engine.descriptor.ClassBasedTestDescriptor.lambda$instantiateAndPostProcessTestInstance$0(ClassBasedTestDescriptor.java:334)
	at org.junit.platform.engine.support.hierarchical.ThrowableCollector.execute(ThrowableCollector.java:74)
	at org.junit.jupiter.engine.descriptor.ClassBasedTestDescriptor.instantiateAndPostProcessTestInstance(ClassBasedTestDescriptor.java:333)
	at org.junit.jupiter.engine.descriptor.ClassBasedTestDescriptor.lambda$testInstancesProvider$1(ClassBasedTestDescriptor.java:322)
	at java.base/java.util.Optional.orElseGet(Optional.java:364)
	at org.junit.jupiter.engine.descriptor.ClassBasedTestDescriptor.lambda$testInstancesProvider$0(ClassBasedTestDescriptor.java:321)
	at org.junit.jupiter.engine.execution.TestInstancesProvider.getTestInstances(TestInstancesProvider.java:27)
	at org.junit.jupiter.engine.descriptor.TestMethodTestDescriptor.lambda$prepare$0(TestMethodTestDescriptor.java:127)
	at org.junit.platform.engine.support.hierarchical.ThrowableCollector.execute(ThrowableCollector.java:74)
	at org.junit.jupiter.engine.descriptor.TestMethodTestDescriptor.prepare(TestMethodTestDescriptor.java:126)
	at org.junit.jupiter.engine.descriptor.TestMethodTestDescriptor.prepare(TestMethodTestDescriptor.java:70)
	at org.junit.platform.engine.support.hierarchical.NodeTestTask.lambda$prepare$0(NodeTestTask.java:144)
	at org.junit.platform.engine.support.hierarchical.ThrowableCollector.execute(ThrowableCollector.java:74)
	at org.junit.platform.engine.support.hierarchical.NodeTestTask.prepare(NodeTestTask.java:144)
	at org.junit.platform.engine.support.hierarchical.NodeTestTask.execute(NodeTestTask.java:110)
	at java.base/java.util.ArrayList.forEach(ArrayList.java:1511)
	at org.junit.platform.engine.support.hierarchical.SameThreadHierarchicalTestExecutorService.invokeAll(SameThreadHierarchicalTestExecutorService.java:42)
	at org.junit.platform.engine.support.hierarchical.NodeTestTask.lambda$executeRecursively$2(NodeTestTask.java:180)
	at org.junit.platform.engine.support.hierarchical.ThrowableCollector.execute(ThrowableCollector.java:74)
	at org.junit.platform.engine.support.hierarchical.NodeTestTask.lambda$executeRecursively$1(NodeTestTask.java:166)
	at org.junit.platform.engine.support.hierarchical.Node.around(Node.java:138)
	at org.junit.platform.engine.support.hierarchical.NodeTestTask.lambda$executeRecursively$0(NodeTestTask.java:164)
	at org.junit.platform.engine.support.hierarchical.ThrowableCollector.execute(ThrowableCollector.java:74)
	at org.junit.platform.engine.support.hierarchical.NodeTestTask.executeRecursively(NodeTestTask.java:163)
	at org.junit.platform.engine.support.hierarchical.NodeTestTask.execute(NodeTestTask.java:116)
	at java.base/java.util.ArrayList.forEach(ArrayList.java:1511)
	at org.junit.platform.engine.support.hierarchical.SameThreadHierarchicalTestExecutorService.invokeAll(SameThreadHierarchicalTestExecutorService.java:42)
	at org.junit.platform.engine.support.hierarchical.NodeTestTask.lambda$executeRecursively$2(NodeTestTask.java:180)
	at org.junit.platform.engine.support.hierarchical.ThrowableCollector.execute(ThrowableCollector.java:74)
	at org.junit.platform.engine.support.hierarchical.NodeTestTask.lambda$executeRecursively$1(NodeTestTask.java:166)
	at org.junit.platform.engine.support.hierarchical.Node.around(Node.java:138)
	at org.junit.platform.engine.support.hierarchical.NodeTestTask.lambda$executeRecursively$0(NodeTestTask.java:164)
	at org.junit.platform.engine.support.hierarchical.ThrowableCollector.execute(ThrowableCollector.java:74)
	at org.junit.platform.engine.support.hierarchical.NodeTestTask.executeRecursively(NodeTestTask.java:163)
	at org.junit.platform.engine.support.hierarchical.NodeTestTask.execute(NodeTestTask.java:116)
	at org.junit.platform.engine.support.hierarchical.SameThreadHierarchicalTestExecutorService.submit(SameThreadHierarchicalTestExecutorService.java:36)
	at org.junit.platform.engine.support.hierarchical.HierarchicalTestExecutor.execute(HierarchicalTestExecutor.java:52)
	at org.junit.platform.engine.support.hierarchical.HierarchicalTestEngine.execute(HierarchicalTestEngine.java:58)
	at org.junit.platform.launcher.core.EngineExecutionOrchestrator.executeEngine(EngineExecutionOrchestrator.java:246)
	at org.junit.platform.launcher.core.EngineExecutionOrchestrator.failOrExecuteEngine(EngineExecutionOrchestrator.java:218)
	at org.junit.platform.launcher.core.EngineExecutionOrchestrator.execute(EngineExecutionOrchestrator.java:179)
	at org.junit.platform.launcher.core.EngineExecutionOrchestrator.execute(EngineExecutionOrchestrator.java:108)
	at org.junit.platform.launcher.core.EngineExecutionOrchestrator.lambda$execute$0(EngineExecutionOrchestrator.java:66)
	at org.junit.platform.launcher.core.EngineExecutionOrchestrator.withInterceptedStreams(EngineExecutionOrchestrator.java:157)
	at org.junit.platform.launcher.core.EngineExecutionOrchestrator.execute(EngineExecutionOrchestrator.java:65)
	at org.junit.platform.launcher.core.DefaultLauncher.execute(DefaultLauncher.java:125)
	at org.junit.platform.launcher.core.DefaultLauncher.execute(DefaultLauncher.java:114)
	at org.junit.platform.launcher.core.DelegatingLauncher.execute(DelegatingLauncher.java:58)
	at org.junit.platform.launcher.core.InterceptingLauncher.lambda$execute$2(InterceptingLauncher.java:57)
	at org.junit.platform.launcher.core.ClasspathAlignmentCheckingLauncherInterceptor.intercept(ClasspathAlignmentCheckingLauncherInterceptor.java:25)
	at org.junit.platform.launcher.core.InterceptingLauncher.execute(InterceptingLauncher.java:56)
	at org.junit.platform.launcher.core.DelegatingLauncher.execute(DelegatingLauncher.java:58)
	at java.base/jdk.internal.reflect.NativeMethodAccessorImpl.invoke0(Native Method)
	at java.base/jdk.internal.reflect.NativeMethodAccessorImpl.invoke(NativeMethodAccessorImpl.java:77)
	at java.base/jdk.internal.reflect.DelegatingMethodAccessorImpl.invoke(DelegatingMethodAccessorImpl.java:43)
	at java.base/java.lang.reflect.Method.invoke(Method.java:568)
	at org.apache.maven.surefire.api.util.ReflectionUtils.invokeMethodWithArray(ReflectionUtils.java:125)
	at org.apache.maven.surefire.junitplatform.LauncherAdapter.executeWithCancellationToken(LauncherAdapter.java:68)
	at org.apache.maven.surefire.junitplatform.LauncherAdapter.execute(LauncherAdapter.java:54)
	at org.apache.maven.surefire.junitplatform.JUnitPlatformProvider.execute(JUnitPlatformProvider.java:203)
	at org.apache.maven.surefire.junitplatform.JUnitPlatformProvider.invokeAllTests(JUnitPlatformProvider.java:168)
	at org.apache.maven.surefire.junitplatform.JUnitPlatformProvider.invoke(JUnitPlatformProvider.java:136)
	at org.apache.maven.surefire.booter.ForkedBooter.runSuitesInProcess(ForkedBooter.java:385)
	at org.apache.maven.surefire.booter.ForkedBooter.execute(ForkedBooter.java:162)
	at org.apache.maven.surefire.booter.ForkedBooter.run(ForkedBooter.java:507)
	at org.apache.maven.surefire.booter.ForkedBooter.main(ForkedBooter.java:495)

2026-03-13T10:30:28.947+03:00  INFO 17440 --- [configserver] [           main] com.netflix.discovery.DiscoveryClient    : Initial registry fetch from primary servers failed
2026-03-13T10:30:28.947+03:00  WARN 17440 --- [configserver] [           main] com.netflix.discovery.DiscoveryClient    : Using default backup registry implementation which does not do anything.
2026-03-13T10:30:28.948+03:00  INFO 17440 --- [configserver] [           main] com.netflix.discovery.DiscoveryClient    : Initial registry fetch from backup servers failed
2026-03-13T10:30:28.948+03:00  INFO 17440 --- [configserver] [           main] com.netflix.discovery.DiscoveryClient    : Starting heartbeat executor: renew interval is: 30
2026-03-13T10:30:28.951+03:00  INFO 17440 --- [configserver] [           main] c.n.discovery.InstanceInfoReplicator     : InstanceInfoReplicator onDemand update allowed rate per min is 4
2026-03-13T10:30:28.955+03:00  INFO 17440 --- [configserver] [           main] com.netflix.discovery.DiscoveryClient    : Discovery Client initialized at timestamp 1773387028952 with initial instances count: 0
2026-03-13T10:30:28.959+03:00  INFO 17440 --- [configserver] [           main] o.s.c.n.e.s.EurekaServiceRegistry        : Registering application CONFIGSERVER with eureka with status UP
2026-03-13T10:30:28.961+03:00  INFO 17440 --- [configserver] [           main] com.netflix.discovery.DiscoveryClient    : Saw local status change event StatusChangeEvent [timestamp=1773387028961, current=UP, previous=STARTING]
2026-03-13T10:30:28.964+03:00  INFO 17440 --- [configserver] [foReplicator-%d] com.netflix.discovery.DiscoveryClient    : DiscoveryClient_CONFIGSERVER/DESKTOP-U07QR6S.mshome.net:configserver:8888: registering service...
2026-03-13T10:30:28.981+03:00  INFO 17440 --- [configserver] [           main] o.s.c.ConfigServerApplicationTests       : Started ConfigServerApplicationTests in 8.053 seconds (process running for 12.628)
2026-03-13T10:30:29.154+03:00  INFO 17440 --- [configserver] [foReplicator-%d] c.n.d.s.t.d.RedirectingEurekaHttpClient  : Request execution error. endpoint=DefaultEndpoint{ serviceUrl='http://discovery-server:8761/eureka/}, exception=I/O error on POST request for "http://discovery-server:8761/eureka/apps/CONFIGSERVER": discovery-server stacktrace=org.springframework.web.client.ResourceAccessException: I/O error on POST request for "http://discovery-server:8761/eureka/apps/CONFIGSERVER": discovery-server
	at org.springframework.web.client.DefaultRestClient$DefaultRequestBodyUriSpec.createResourceAccessException(DefaultRestClient.java:763)
	at org.springframework.web.client.DefaultRestClient$DefaultRequestBodyUriSpec.exchangeInternal(DefaultRestClient.java:615)
	at org.springframework.web.client.DefaultRestClient$DefaultRequestBodyUriSpec.exchange(DefaultRestClient.java:567)
	at org.springframework.web.client.RestClient$RequestHeadersSpec.exchange(RestClient.java:750)
	at org.springframework.web.client.DefaultRestClient$DefaultResponseSpec.executeAndExtract(DefaultRestClient.java:896)
	at org.springframework.web.client.DefaultRestClient$DefaultResponseSpec.toBodilessEntity(DefaultRestClient.java:860)
	at org.springframework.cloud.netflix.eureka.http.RestClientEurekaHttpClient.register(RestClientEurekaHttpClient.java:64)
	at com.netflix.discovery.shared.transport.decorator.EurekaHttpClientDecorator$1.execute(EurekaHttpClientDecorator.java:59)
	at com.netflix.discovery.shared.transport.decorator.RedirectingEurekaHttpClient.executeOnNewServer(RedirectingEurekaHttpClient.java:121)
	at com.netflix.discovery.shared.transport.decorator.RedirectingEurekaHttpClient.execute(RedirectingEurekaHttpClient.java:80)
	at com.netflix.discovery.shared.transport.decorator.EurekaHttpClientDecorator.register(EurekaHttpClientDecorator.java:56)
	at com.netflix.discovery.shared.transport.decorator.EurekaHttpClientDecorator$1.execute(EurekaHttpClientDecorator.java:59)
	at com.netflix.discovery.shared.transport.decorator.RetryableEurekaHttpClient.execute(RetryableEurekaHttpClient.java:120)
	at com.netflix.discovery.shared.transport.decorator.EurekaHttpClientDecorator.register(EurekaHttpClientDecorator.java:56)
	at com.netflix.discovery.shared.transport.decorator.EurekaHttpClientDecorator$1.execute(EurekaHttpClientDecorator.java:59)
	at com.netflix.discovery.shared.transport.decorator.SessionedEurekaHttpClient.execute(SessionedEurekaHttpClient.java:76)
	at com.netflix.discovery.shared.transport.decorator.EurekaHttpClientDecorator.register(EurekaHttpClientDecorator.java:56)
	at com.netflix.discovery.DiscoveryClient.register(DiscoveryClient.java:828)
	at com.netflix.discovery.InstanceInfoReplicator.run(InstanceInfoReplicator.java:125)
	at com.netflix.discovery.InstanceInfoReplicator$2.run(InstanceInfoReplicator.java:105)
	at java.base/java.util.concurrent.Executors$RunnableAdapter.call(Executors.java:539)
	at java.base/java.util.concurrent.FutureTask.run(FutureTask.java:264)
	at java.base/java.util.concurrent.ScheduledThreadPoolExecutor$ScheduledFutureTask.run(ScheduledThreadPoolExecutor.java:304)
	at java.base/java.util.concurrent.ThreadPoolExecutor.runWorker(ThreadPoolExecutor.java:1136)
	at java.base/java.util.concurrent.ThreadPoolExecutor$Worker.run(ThreadPoolExecutor.java:635)
	at java.base/java.lang.Thread.run(Thread.java:842)
Caused by: java.net.UnknownHostException: discovery-server
	at java.base/java.net.InetAddress$CachedAddresses.get(InetAddress.java:801)
	at java.base/java.net.InetAddress.getAllByName0(InetAddress.java:1532)
	at java.base/java.net.InetAddress.getAllByName(InetAddress.java:1384)
	at java.base/java.net.InetAddress.getAllByName(InetAddress.java:1305)
	at org.apache.hc.client5.http.SystemDefaultDnsResolver.resolve(SystemDefaultDnsResolver.java:61)
	at org.apache.hc.client5.http.DnsResolver.resolve(DnsResolver.java:77)
	at org.apache.hc.client5.http.impl.io.DefaultHttpClientConnectionOperator.connect(DefaultHttpClientConnectionOperator.java:173)
	at org.apache.hc.client5.http.impl.io.PoolingHttpClientConnectionManager.connect(PoolingHttpClientConnectionManager.java:497)
	at org.apache.hc.client5.http.impl.classic.InternalExecRuntime.connectEndpoint(InternalExecRuntime.java:164)
	at org.apache.hc.client5.http.impl.classic.InternalExecRuntime.connectEndpoint(InternalExecRuntime.java:174)
	at org.apache.hc.client5.http.impl.classic.ConnectExec.execute(ConnectExec.java:144)
	at org.apache.hc.client5.http.impl.classic.ExecChainElement.execute(ExecChainElement.java:51)
	at org.apache.hc.client5.http.impl.classic.ProtocolExec.execute(ProtocolExec.java:195)
	at org.apache.hc.client5.http.impl.classic.ExecChainElement.execute(ExecChainElement.java:51)
	at org.apache.hc.client5.http.impl.classic.ContentCompressionExec.execute(ContentCompressionExec.java:151)
	at org.apache.hc.client5.http.impl.classic.ExecChainElement.execute(ExecChainElement.java:51)
	at org.apache.hc.client5.http.impl.classic.HttpRequestRetryExec.execute(HttpRequestRetryExec.java:112)
	at org.apache.hc.client5.http.impl.classic.ExecChainElement.execute(ExecChainElement.java:51)
	at org.apache.hc.client5.http.impl.classic.RedirectExec.execute(RedirectExec.java:110)
	at org.apache.hc.client5.http.impl.classic.ExecChainElement.execute(ExecChainElement.java:51)
	at org.apache.hc.client5.http.impl.classic.InternalHttpClient.doExecute(InternalHttpClient.java:185)
	at org.apache.hc.client5.http.impl.classic.CloseableHttpClient.execute(CloseableHttpClient.java:87)
	at org.apache.hc.client5.http.impl.classic.CloseableHttpClient.execute(CloseableHttpClient.java:55)
	at org.apache.hc.client5.http.classic.HttpClient.executeOpen(HttpClient.java:183)
	at org.springframework.http.client.HttpComponentsClientHttpRequest.executeInternal(HttpComponentsClientHttpRequest.java:99)
	at org.springframework.http.client.AbstractStreamingClientHttpRequest.executeInternal(AbstractStreamingClientHttpRequest.java:87)
	at org.springframework.http.client.AbstractClientHttpRequest.execute(AbstractClientHttpRequest.java:80)
	at org.springframework.http.client.AbstractBufferingClientHttpRequest.executeWithRequest(AbstractBufferingClientHttpRequest.java:89)
	at org.springframework.http.client.InterceptingClientHttpRequest$EndOfChainRequestExecution.execute(InterceptingClientHttpRequest.java:102)
	at org.springframework.cloud.netflix.eureka.http.RestClientTransportClientFactory.lambda$newClient$2(RestClientTransportClientFactory.java:98)
	at org.springframework.http.client.ClientHttpRequestInterceptor.lambda$apply$0(ClientHttpRequestInterceptor.java:89)
	at org.springframework.http.client.InterceptingClientHttpRequest.executeInternal(InterceptingClientHttpRequest.java:73)
	at org.springframework.http.client.AbstractBufferingClientHttpRequest.executeInternal(AbstractBufferingClientHttpRequest.java:50)
	at org.springframework.http.client.AbstractClientHttpRequest.execute(AbstractClientHttpRequest.java:80)
	at org.springframework.web.client.DefaultRestClient$DefaultRequestBodyUriSpec.exchangeInternal(DefaultRestClient.java:609)
	... 24 more

2026-03-13T10:30:29.155+03:00  WARN 17440 --- [configserver] [foReplicator-%d] c.n.d.s.t.d.RetryableEurekaHttpClient    : Request execution failed with message: I/O error on POST request for "http://discovery-server:8761/eureka/apps/CONFIGSERVER": discovery-server
2026-03-13T10:30:29.156+03:00  WARN 17440 --- [configserver] [foReplicator-%d] com.netflix.discovery.DiscoveryClient    : DiscoveryClient_CONFIGSERVER/DESKTOP-U07QR6S.mshome.net:configserver:8888 - registration failed Cannot execute request on any known server

com.netflix.discovery.shared.transport.TransportException: Cannot execute request on any known server
	at com.netflix.discovery.shared.transport.decorator.RetryableEurekaHttpClient.execute(RetryableEurekaHttpClient.java:112) ~[eureka-client-2.0.5.jar:2.0.5]
	at com.netflix.discovery.shared.transport.decorator.EurekaHttpClientDecorator.register(EurekaHttpClientDecorator.java:56) ~[eureka-client-2.0.5.jar:2.0.5]
	at com.netflix.discovery.shared.transport.decorator.EurekaHttpClientDecorator$1.execute(EurekaHttpClientDecorator.java:59) ~[eureka-client-2.0.5.jar:2.0.5]
	at com.netflix.discovery.shared.transport.decorator.SessionedEurekaHttpClient.execute(SessionedEurekaHttpClient.java:76) ~[eureka-client-2.0.5.jar:2.0.5]
	at com.netflix.discovery.shared.transport.decorator.EurekaHttpClientDecorator.register(EurekaHttpClientDecorator.java:56) ~[eureka-client-2.0.5.jar:2.0.5]
	at com.netflix.discovery.DiscoveryClient.register(DiscoveryClient.java:828) ~[eureka-client-2.0.5.jar:2.0.5]
	at com.netflix.discovery.InstanceInfoReplicator.run(InstanceInfoReplicator.java:125) ~[eureka-client-2.0.5.jar:2.0.5]
	at com.netflix.discovery.InstanceInfoReplicator$2.run(InstanceInfoReplicator.java:105) ~[eureka-client-2.0.5.jar:2.0.5]
	at java.base/java.util.concurrent.Executors$RunnableAdapter.call(Executors.java:539) ~[na:na]
	at java.base/java.util.concurrent.FutureTask.run(FutureTask.java:264) ~[na:na]
	at java.base/java.util.concurrent.ScheduledThreadPoolExecutor$ScheduledFutureTask.run(ScheduledThreadPoolExecutor.java:304) ~[na:na]
	at java.base/java.util.concurrent.ThreadPoolExecutor.runWorker(ThreadPoolExecutor.java:1136) ~[na:na]
	at java.base/java.util.concurrent.ThreadPoolExecutor$Worker.run(ThreadPoolExecutor.java:635) ~[na:na]
	at java.base/java.lang.Thread.run(Thread.java:842) ~[na:na]

2026-03-13T10:30:29.160+03:00  WARN 17440 --- [configserver] [foReplicator-%d] c.n.discovery.InstanceInfoReplicator     : There was a problem with the instance info replicator

com.netflix.discovery.shared.transport.TransportException: Cannot execute request on any known server
	at com.netflix.discovery.shared.transport.decorator.RetryableEurekaHttpClient.execute(RetryableEurekaHttpClient.java:112) ~[eureka-client-2.0.5.jar:2.0.5]
	at com.netflix.discovery.shared.transport.decorator.EurekaHttpClientDecorator.register(EurekaHttpClientDecorator.java:56) ~[eureka-client-2.0.5.jar:2.0.5]
	at com.netflix.discovery.shared.transport.decorator.EurekaHttpClientDecorator$1.execute(EurekaHttpClientDecorator.java:59) ~[eureka-client-2.0.5.jar:2.0.5]
	at com.netflix.discovery.shared.transport.decorator.SessionedEurekaHttpClient.execute(SessionedEurekaHttpClient.java:76) ~[eureka-client-2.0.5.jar:2.0.5]
	at com.netflix.discovery.shared.transport.decorator.EurekaHttpClientDecorator.register(EurekaHttpClientDecorator.java:56) ~[eureka-client-2.0.5.jar:2.0.5]
	at com.netflix.discovery.DiscoveryClient.register(DiscoveryClient.java:828) ~[eureka-client-2.0.5.jar:2.0.5]
	at com.netflix.discovery.InstanceInfoReplicator.run(InstanceInfoReplicator.java:125) ~[eureka-client-2.0.5.jar:2.0.5]
	at com.netflix.discovery.InstanceInfoReplicator$2.run(InstanceInfoReplicator.java:105) ~[eureka-client-2.0.5.jar:2.0.5]
	at java.base/java.util.concurrent.Executors$RunnableAdapter.call(Executors.java:539) ~[na:na]
	at java.base/java.util.concurrent.FutureTask.run(FutureTask.java:264) ~[na:na]
	at java.base/java.util.concurrent.ScheduledThreadPoolExecutor$ScheduledFutureTask.run(ScheduledThreadPoolExecutor.java:304) ~[na:na]
	at java.base/java.util.concurrent.ThreadPoolExecutor.runWorker(ThreadPoolExecutor.java:1136) ~[na:na]
	at java.base/java.util.concurrent.ThreadPoolExecutor$Worker.run(ThreadPoolExecutor.java:635) ~[na:na]
	at java.base/java.lang.Thread.run(Thread.java:842) ~[na:na]

2026-03-13T10:30:30.011+03:00  INFO 17440 --- [configserver] [           main] o.s.c.n.e.s.EurekaServiceRegistry        : Unregistering application CONFIGSERVER with eureka with status DOWN
2026-03-13T10:30:30.011+03:00  INFO 17440 --- [configserver] [           main] com.netflix.discovery.DiscoveryClient    : Saw local status change event StatusChangeEvent [timestamp=1773387030011, current=DOWN, previous=UP]
2026-03-13T10:30:30.011+03:00  INFO 17440 --- [configserver] [foReplicator-%d] com.netflix.discovery.DiscoveryClient    : DiscoveryClient_CONFIGSERVER/DESKTOP-U07QR6S.mshome.net:configserver:8888: registering service...
[INFO] Tests run: 1, Failures: 0, Errors: 0, Skipped: 0, Time elapsed: 11.36 s -- in org.serwin.config_server.ConfigServerApplicationTests
[INFO] Running org.serwin.config_server.controller.HealthControllerTest
2026-03-13T10:30:30.043+03:00  INFO 17440 --- [configserver] [foReplicator-%d] c.n.d.s.t.d.RedirectingEurekaHttpClient  : Request execution error. endpoint=DefaultEndpoint{ serviceUrl='http://discovery-server:8761/eureka/}, exception=I/O error on POST request for "http://discovery-server:8761/eureka/apps/CONFIGSERVER": discovery-server stacktrace=org.springframework.web.client.ResourceAccessException: I/O error on POST request for "http://discovery-server:8761/eureka/apps/CONFIGSERVER": discovery-server
	at org.springframework.web.client.DefaultRestClient$DefaultRequestBodyUriSpec.createResourceAccessException(DefaultRestClient.java:763)
	at org.springframework.web.client.DefaultRestClient$DefaultRequestBodyUriSpec.exchangeInternal(DefaultRestClient.java:615)
	at org.springframework.web.client.DefaultRestClient$DefaultRequestBodyUriSpec.exchange(DefaultRestClient.java:567)
	at org.springframework.web.client.RestClient$RequestHeadersSpec.exchange(RestClient.java:750)
	at org.springframework.web.client.DefaultRestClient$DefaultResponseSpec.executeAndExtract(DefaultRestClient.java:896)
	at org.springframework.web.client.DefaultRestClient$DefaultResponseSpec.toBodilessEntity(DefaultRestClient.java:860)
	at org.springframework.cloud.netflix.eureka.http.RestClientEurekaHttpClient.register(RestClientEurekaHttpClient.java:64)
	at com.netflix.discovery.shared.transport.decorator.EurekaHttpClientDecorator$1.execute(EurekaHttpClientDecorator.java:59)
	at com.netflix.discovery.shared.transport.decorator.RedirectingEurekaHttpClient.executeOnNewServer(RedirectingEurekaHttpClient.java:121)
	at com.netflix.discovery.shared.transport.decorator.RedirectingEurekaHttpClient.execute(RedirectingEurekaHttpClient.java:80)
	at com.netflix.discovery.shared.transport.decorator.EurekaHttpClientDecorator.register(EurekaHttpClientDecorator.java:56)
	at com.netflix.discovery.shared.transport.decorator.EurekaHttpClientDecorator$1.execute(EurekaHttpClientDecorator.java:59)
	at com.netflix.discovery.shared.transport.decorator.RetryableEurekaHttpClient.execute(RetryableEurekaHttpClient.java:120)
	at com.netflix.discovery.shared.transport.decorator.EurekaHttpClientDecorator.register(EurekaHttpClientDecorator.java:56)
	at com.netflix.discovery.shared.transport.decorator.EurekaHttpClientDecorator$1.execute(EurekaHttpClientDecorator.java:59)
	at com.netflix.discovery.shared.transport.decorator.SessionedEurekaHttpClient.execute(SessionedEurekaHttpClient.java:76)
	at com.netflix.discovery.shared.transport.decorator.EurekaHttpClientDecorator.register(EurekaHttpClientDecorator.java:56)
	at com.netflix.discovery.DiscoveryClient.register(DiscoveryClient.java:828)
	at com.netflix.discovery.InstanceInfoReplicator.run(InstanceInfoReplicator.java:125)
	at com.netflix.discovery.InstanceInfoReplicator$2.run(InstanceInfoReplicator.java:105)
	at java.base/java.util.concurrent.Executors$RunnableAdapter.call(Executors.java:539)
	at java.base/java.util.concurrent.FutureTask.run(FutureTask.java:264)
	at java.base/java.util.concurrent.ScheduledThreadPoolExecutor$ScheduledFutureTask.run(ScheduledThreadPoolExecutor.java:304)
	at java.base/java.util.concurrent.ThreadPoolExecutor.runWorker(ThreadPoolExecutor.java:1136)
	at java.base/java.util.concurrent.ThreadPoolExecutor$Worker.run(ThreadPoolExecutor.java:635)
	at java.base/java.lang.Thread.run(Thread.java:842)
Caused by: java.net.UnknownHostException: discovery-server
	at java.base/java.net.InetAddress$CachedAddresses.get(InetAddress.java:801)
	at java.base/java.net.InetAddress.getAllByName0(InetAddress.java:1532)
	at java.base/java.net.InetAddress.getAllByName(InetAddress.java:1384)
	at java.base/java.net.InetAddress.getAllByName(InetAddress.java:1305)
	at org.apache.hc.client5.http.SystemDefaultDnsResolver.resolve(SystemDefaultDnsResolver.java:61)
	at org.apache.hc.client5.http.DnsResolver.resolve(DnsResolver.java:77)
	at org.apache.hc.client5.http.impl.io.DefaultHttpClientConnectionOperator.connect(DefaultHttpClientConnectionOperator.java:173)
	at org.apache.hc.client5.http.impl.io.PoolingHttpClientConnectionManager.connect(PoolingHttpClientConnectionManager.java:497)
	at org.apache.hc.client5.http.impl.classic.InternalExecRuntime.connectEndpoint(InternalExecRuntime.java:164)
	at org.apache.hc.client5.http.impl.classic.InternalExecRuntime.connectEndpoint(InternalExecRuntime.java:174)
	at org.apache.hc.client5.http.impl.classic.ConnectExec.execute(ConnectExec.java:144)
	at org.apache.hc.client5.http.impl.classic.ExecChainElement.execute(ExecChainElement.java:51)
	at org.apache.hc.client5.http.impl.classic.ProtocolExec.execute(ProtocolExec.java:195)
	at org.apache.hc.client5.http.impl.classic.ExecChainElement.execute(ExecChainElement.java:51)
	at org.apache.hc.client5.http.impl.classic.ContentCompressionExec.execute(ContentCompressionExec.java:151)
	at org.apache.hc.client5.http.impl.classic.ExecChainElement.execute(ExecChainElement.java:51)
	at org.apache.hc.client5.http.impl.classic.HttpRequestRetryExec.execute(HttpRequestRetryExec.java:112)
	at org.apache.hc.client5.http.impl.classic.ExecChainElement.execute(ExecChainElement.java:51)
	at org.apache.hc.client5.http.impl.classic.RedirectExec.execute(RedirectExec.java:110)
	at org.apache.hc.client5.http.impl.classic.ExecChainElement.execute(ExecChainElement.java:51)
	at org.apache.hc.client5.http.impl.classic.InternalHttpClient.doExecute(InternalHttpClient.java:185)
	at org.apache.hc.client5.http.impl.classic.CloseableHttpClient.execute(CloseableHttpClient.java:87)
	at org.apache.hc.client5.http.impl.classic.CloseableHttpClient.execute(CloseableHttpClient.java:55)
	at org.apache.hc.client5.http.classic.HttpClient.executeOpen(HttpClient.java:183)
	at org.springframework.http.client.HttpComponentsClientHttpRequest.executeInternal(HttpComponentsClientHttpRequest.java:99)
	at org.springframework.http.client.AbstractStreamingClientHttpRequest.executeInternal(AbstractStreamingClientHttpRequest.java:87)
	at org.springframework.http.client.AbstractClientHttpRequest.execute(AbstractClientHttpRequest.java:80)
	at org.springframework.http.client.AbstractBufferingClientHttpRequest.executeWithRequest(AbstractBufferingClientHttpRequest.java:89)
	at org.springframework.http.client.InterceptingClientHttpRequest$EndOfChainRequestExecution.execute(InterceptingClientHttpRequest.java:102)
	at org.springframework.cloud.netflix.eureka.http.RestClientTransportClientFactory.lambda$newClient$2(RestClientTransportClientFactory.java:98)
	at org.springframework.http.client.ClientHttpRequestInterceptor.lambda$apply$0(ClientHttpRequestInterceptor.java:89)
	at org.springframework.http.client.InterceptingClientHttpRequest.executeInternal(InterceptingClientHttpRequest.java:73)
	at org.springframework.http.client.AbstractBufferingClientHttpRequest.executeInternal(AbstractBufferingClientHttpRequest.java:50)
	at org.springframework.http.client.AbstractClientHttpRequest.execute(AbstractClientHttpRequest.java:80)
	at org.springframework.web.client.DefaultRestClient$DefaultRequestBodyUriSpec.exchangeInternal(DefaultRestClient.java:609)
	... 24 more

2026-03-13T10:30:30.043+03:00  WARN 17440 --- [configserver] [foReplicator-%d] c.n.d.s.t.d.RetryableEurekaHttpClient    : Request execution failed with message: I/O error on POST request for "http://discovery-server:8761/eureka/apps/CONFIGSERVER": discovery-server
2026-03-13T10:30:30.043+03:00  WARN 17440 --- [configserver] [foReplicator-%d] com.netflix.discovery.DiscoveryClient    : DiscoveryClient_CONFIGSERVER/DESKTOP-U07QR6S.mshome.net:configserver:8888 - registration failed Cannot execute request on any known server

com.netflix.discovery.shared.transport.TransportException: Cannot execute request on any known server
	at com.netflix.discovery.shared.transport.decorator.RetryableEurekaHttpClient.execute(RetryableEurekaHttpClient.java:112) ~[eureka-client-2.0.5.jar:2.0.5]
	at com.netflix.discovery.shared.transport.decorator.EurekaHttpClientDecorator.register(EurekaHttpClientDecorator.java:56) ~[eureka-client-2.0.5.jar:2.0.5]
	at com.netflix.discovery.shared.transport.decorator.EurekaHttpClientDecorator$1.execute(EurekaHttpClientDecorator.java:59) ~[eureka-client-2.0.5.jar:2.0.5]
	at com.netflix.discovery.shared.transport.decorator.SessionedEurekaHttpClient.execute(SessionedEurekaHttpClient.java:76) ~[eureka-client-2.0.5.jar:2.0.5]
	at com.netflix.discovery.shared.transport.decorator.EurekaHttpClientDecorator.register(EurekaHttpClientDecorator.java:56) ~[eureka-client-2.0.5.jar:2.0.5]
	at com.netflix.discovery.DiscoveryClient.register(DiscoveryClient.java:828) ~[eureka-client-2.0.5.jar:2.0.5]
	at com.netflix.discovery.InstanceInfoReplicator.run(InstanceInfoReplicator.java:125) ~[eureka-client-2.0.5.jar:2.0.5]
	at com.netflix.discovery.InstanceInfoReplicator$2.run(InstanceInfoReplicator.java:105) ~[eureka-client-2.0.5.jar:2.0.5]
	at java.base/java.util.concurrent.Executors$RunnableAdapter.call(Executors.java:539) ~[na:na]
	at java.base/java.util.concurrent.FutureTask.run(FutureTask.java:264) ~[na:na]
	at java.base/java.util.concurrent.ScheduledThreadPoolExecutor$ScheduledFutureTask.run(ScheduledThreadPoolExecutor.java:304) ~[na:na]
	at java.base/java.util.concurrent.ThreadPoolExecutor.runWorker(ThreadPoolExecutor.java:1136) ~[na:na]
	at java.base/java.util.concurrent.ThreadPoolExecutor$Worker.run(ThreadPoolExecutor.java:635) ~[na:na]
	at java.base/java.lang.Thread.run(Thread.java:842) ~[na:na]

2026-03-13T10:30:30.044+03:00  WARN 17440 --- [configserver] [foReplicator-%d] c.n.discovery.InstanceInfoReplicator     : There was a problem with the instance info replicator

com.netflix.discovery.shared.transport.TransportException: Cannot execute request on any known server
	at com.netflix.discovery.shared.transport.decorator.RetryableEurekaHttpClient.execute(RetryableEurekaHttpClient.java:112) ~[eureka-client-2.0.5.jar:2.0.5]
	at com.netflix.discovery.shared.transport.decorator.EurekaHttpClientDecorator.register(EurekaHttpClientDecorator.java:56) ~[eureka-client-2.0.5.jar:2.0.5]
	at com.netflix.discovery.shared.transport.decorator.EurekaHttpClientDecorator$1.execute(EurekaHttpClientDecorator.java:59) ~[eureka-client-2.0.5.jar:2.0.5]
	at com.netflix.discovery.shared.transport.decorator.SessionedEurekaHttpClient.execute(SessionedEurekaHttpClient.java:76) ~[eureka-client-2.0.5.jar:2.0.5]
	at com.netflix.discovery.shared.transport.decorator.EurekaHttpClientDecorator.register(EurekaHttpClientDecorator.java:56) ~[eureka-client-2.0.5.jar:2.0.5]
	at com.netflix.discovery.DiscoveryClient.register(DiscoveryClient.java:828) ~[eureka-client-2.0.5.jar:2.0.5]
	at com.netflix.discovery.InstanceInfoReplicator.run(InstanceInfoReplicator.java:125) ~[eureka-client-2.0.5.jar:2.0.5]
	at com.netflix.discovery.InstanceInfoReplicator$2.run(InstanceInfoReplicator.java:105) ~[eureka-client-2.0.5.jar:2.0.5]
	at java.base/java.util.concurrent.Executors$RunnableAdapter.call(Executors.java:539) ~[na:na]
	at java.base/java.util.concurrent.FutureTask.run(FutureTask.java:264) ~[na:na]
	at java.base/java.util.concurrent.ScheduledThreadPoolExecutor$ScheduledFutureTask.run(ScheduledThreadPoolExecutor.java:304) ~[na:na]
	at java.base/java.util.concurrent.ThreadPoolExecutor.runWorker(ThreadPoolExecutor.java:1136) ~[na:na]
	at java.base/java.util.concurrent.ThreadPoolExecutor$Worker.run(ThreadPoolExecutor.java:635) ~[na:na]
	at java.base/java.lang.Thread.run(Thread.java:842) ~[na:na]

[ERROR] Tests run: 1, Failures: 0, Errors: 1, Skipped: 0, Time elapsed: 0.012 s <<< FAILURE! -- in org.serwin.config_server.controller.HealthControllerTest
[ERROR] org.serwin.config_server.controller.HealthControllerTest.healthEndpointReturnsUp -- Time elapsed: 0.003 s <<< ERROR!
java.lang.Error: 
Unresolved compilation problems: 
	The import org.springframework.boot.test.autoconfigure.web cannot be resolved
	WebMvcTest cannot be resolved to a type

	at org.serwin.config_server.controller.HealthControllerTest.<init>(HealthControllerTest.java:5)

[INFO] 
[INFO] Results:
[INFO] 
[ERROR] Errors: 
[ERROR]   HealthControllerTest.<init>:5  Unresolved compilation problems: 
	The import org.springframework.boot.test.autoconfigure.web cannot be resolved
	WebMvcTest cannot be resolved to a type

[INFO] 
[ERROR] Tests run: 2, Failures: 0, Errors: 1, Skipped: 0
[INFO] 
[INFO] ------------------------------------------------------------------------
[INFO] BUILD FAILURE
[INFO] ------------------------------------------------------------------------
[INFO] Total time:  22.734 s
[INFO] Finished at: 2026-03-13T10:30:33+03:00
[INFO] ------------------------------------------------------------------------
[ERROR] Failed to execute goal org.apache.maven.plugins:maven-surefire-plugin:3.5.4:test (default-test) on project config-server: 
[ERROR] 
[ERROR] See C:\Users\0x6D617274696E\Desktop\aws-v8\config-server\target\surefire-reports for the individual test results.
[ERROR] See dump files (if any exist) [date].dump, [date]-jvmRun[N].dump and [date].dumpstream.
[ERROR] -> [Help 1]
[ERROR] 
[ERROR] To see the full stack trace of the errors, re-run Maven with the -e switch.
[ERROR] Re-run Maven using the -X switch to enable full debug logging.
[ERROR] 
[ERROR] For more information about the errors and possible solutions, please read the following articles:
[ERROR] [Help 1] http://cwiki.apache.org/confluence/display/MAVEN/MojoFailureException
